Archive member included to satisfy reference by file (symbol)

c:/vsarm/armcc/12.2 mpacbti-bet1/bin/../lib/gcc/arm-none-eabi/12.2.0/thumb/v6-m/nofp\libgcc.a(_dvmd_tls.o)
                              CMakeFiles/_20v_BUCK_CONVERTER.dir/C_/VSARM/sdk/pico/pico-sdk/src/rp2_common/pico_divider/divider.S.obj (__aeabi_idiv0)
c:/vsarm/armcc/12.2 mpacbti-bet1/bin/../lib/gcc/arm-none-eabi/12.2.0/thumb/v6-m/nofp\libg.a(libc_a-calloc.o)
                              CMakeFiles/_20v_BUCK_CONVERTER.dir/C_/VSARM/sdk/pico/pico-sdk/src/rp2_common/pico_malloc/pico_malloc.c.obj (calloc)
c:/vsarm/armcc/12.2 mpacbti-bet1/bin/../lib/gcc/arm-none-eabi/12.2.0/thumb/v6-m/nofp\libg.a(libc_a-callocr.o)
                              c:/vsarm/armcc/12.2 mpacbti-bet1/bin/../lib/gcc/arm-none-eabi/12.2.0/thumb/v6-m/nofp\libg.a(libc_a-calloc.o) (_calloc_r)
c:/vsarm/armcc/12.2 mpacbti-bet1/bin/../lib/gcc/arm-none-eabi/12.2.0/thumb/v6-m/nofp\libg.a(libc_a-malloc.o)
                              CMakeFiles/_20v_BUCK_CONVERTER.dir/C_/VSARM/sdk/pico/pico-sdk/src/rp2_common/pico_malloc/pico_malloc.c.obj (malloc)
c:/vsarm/armcc/12.2 mpacbti-bet1/bin/../lib/gcc/arm-none-eabi/12.2.0/thumb/v6-m/nofp\libg.a(libc_a-mallocr.o)
                              c:/vsarm/armcc/12.2 mpacbti-bet1/bin/../lib/gcc/arm-none-eabi/12.2.0/thumb/v6-m/nofp\libg.a(libc_a-callocr.o) (_malloc_r)
c:/vsarm/armcc/12.2 mpacbti-bet1/bin/../lib/gcc/arm-none-eabi/12.2.0/thumb/v6-m/nofp\libg.a(libc_a-mlock.o)
                              c:/vsarm/armcc/12.2 mpacbti-bet1/bin/../lib/gcc/arm-none-eabi/12.2.0/thumb/v6-m/nofp\libg.a(libc_a-mallocr.o) (__malloc_lock)
c:/vsarm/armcc/12.2 mpacbti-bet1/bin/../lib/gcc/arm-none-eabi/12.2.0/thumb/v6-m/nofp\libg.a(libc_a-realloc.o)
                              CMakeFiles/_20v_BUCK_CONVERTER.dir/C_/VSARM/sdk/pico/pico-sdk/src/rp2_common/pico_malloc/pico_malloc.c.obj (realloc)
c:/vsarm/armcc/12.2 mpacbti-bet1/bin/../lib/gcc/arm-none-eabi/12.2.0/thumb/v6-m/nofp\libg.a(libc_a-reallocr.o)
                              c:/vsarm/armcc/12.2 mpacbti-bet1/bin/../lib/gcc/arm-none-eabi/12.2.0/thumb/v6-m/nofp\libg.a(libc_a-realloc.o) (_realloc_r)
c:/vsarm/armcc/12.2 mpacbti-bet1/bin/../lib/gcc/arm-none-eabi/12.2.0/thumb/v6-m/nofp\libg.a(libc_a-ctype_.o)
                              CMakeFiles/_20v_BUCK_CONVERTER.dir/C_/VSARM/sdk/pico/pico-sdk/lib/tinyusb/src/tusb.c.obj (_ctype_)
c:/vsarm/armcc/12.2 mpacbti-bet1/bin/../lib/gcc/arm-none-eabi/12.2.0/thumb/v6-m/nofp\libg.a(libc_a-memmove.o)
                              c:/vsarm/armcc/12.2 mpacbti-bet1/bin/../lib/gcc/arm-none-eabi/12.2.0/thumb/v6-m/nofp\libg.a(libc_a-reallocr.o) (memmove)
c:/vsarm/armcc/12.2 mpacbti-bet1/bin/../lib/gcc/arm-none-eabi/12.2.0/thumb/v6-m/nofp\libg.a(libc_a-impure.o)
                              c:/vsarm/armcc/12.2 mpacbti-bet1/bin/../lib/gcc/arm-none-eabi/12.2.0/thumb/v6-m/nofp\libg.a(libc_a-calloc.o) (_impure_ptr)
c:/vsarm/armcc/12.2 mpacbti-bet1/bin/../lib/gcc/arm-none-eabi/12.2.0/thumb/v6-m/nofp\libg.a(libc_a-sbrkr.o)
                              c:/vsarm/armcc/12.2 mpacbti-bet1/bin/../lib/gcc/arm-none-eabi/12.2.0/thumb/v6-m/nofp\libg.a(libc_a-mallocr.o) (_sbrk_r)
c:/vsarm/armcc/12.2 mpacbti-bet1/bin/../lib/gcc/arm-none-eabi/12.2.0/thumb/v6-m/nofp\libg.a(libc_a-errno.o)
                              c:/vsarm/armcc/12.2 mpacbti-bet1/bin/../lib/gcc/arm-none-eabi/12.2.0/thumb/v6-m/nofp\libg.a(libc_a-callocr.o) (__errno)
c:/vsarm/armcc/12.2 mpacbti-bet1/bin/../lib/gcc/arm-none-eabi/12.2.0/thumb/v6-m/nofp\libg.a(libc_a-init.o)
                              c:/vsarm/armcc/12.2 mpacbti-bet1/bin/../lib/gcc/arm-none-eabi/12.2.0/thumb/v6-m/nofp/crt0.o (__libc_init_array)
c:/vsarm/armcc/12.2 mpacbti-bet1/bin/../lib/gcc/arm-none-eabi/12.2.0/thumb/v6-m/nofp\libg.a(libc_a-lock.o)
                              c:/vsarm/armcc/12.2 mpacbti-bet1/bin/../lib/gcc/arm-none-eabi/12.2.0/thumb/v6-m/nofp\libg.a(libc_a-mlock.o) (__retarget_lock_acquire_recursive)
c:/vsarm/armcc/12.2 mpacbti-bet1/bin/../lib/gcc/arm-none-eabi/12.2.0/thumb/v6-m/nofp\libg.a(libc_a-strlen-stub.o)
                              CMakeFiles/_20v_BUCK_CONVERTER.dir/C_/VSARM/sdk/pico/pico-sdk/src/rp2_common/pico_stdio/stdio.c.obj (strlen)
c:/vsarm/armcc/12.2 mpacbti-bet1/bin/../lib/gcc/arm-none-eabi/12.2.0/thumb/v6-m/nofp\libg.a(libc_a-freer.o)
                              c:/vsarm/armcc/12.2 mpacbti-bet1/bin/../lib/gcc/arm-none-eabi/12.2.0/thumb/v6-m/nofp\libg.a(libc_a-malloc.o) (_free_r)
c:/vsarm/armcc/12.2 mpacbti-bet1/bin/../lib/gcc/arm-none-eabi/12.2.0/thumb/v6-m/nofp\libg.a(libc_a-findfp.o)
                              c:/vsarm/armcc/12.2 mpacbti-bet1/bin/../lib/gcc/arm-none-eabi/12.2.0/thumb/v6-m/nofp\libg.a(libc_a-impure.o) (__sf)
c:/vsarm/armcc/12.2 mpacbti-bet1/bin/../lib/gcc/arm-none-eabi/12.2.0/thumb/v6-m/nofp\libg.a(libc_a-fwalk.o)
                              c:/vsarm/armcc/12.2 mpacbti-bet1/bin/../lib/gcc/arm-none-eabi/12.2.0/thumb/v6-m/nofp\libg.a(libc_a-findfp.o) (_fwalk_sglue)
[...]
Memory Configuration

Name             Origin             Length             Attributes
FLASH            0x10000000         0x00200000         xr
RAM              0x20000000         0x00040000         xrw
SCRATCH_X        0x20040000         0x00001000         xrw
SCRATCH_Y        0x20041000         0x00001000         xrw
*default*        0x00000000         0xffffffff

Linker script and memory map

LOAD c:/vsarm/armcc/12.2 mpacbti-bet1/bin/../lib/gcc/arm-none-eabi/12.2.0/thumb/v6-m/nofp/crti.o
LOAD c:/vsarm/armcc/12.2 mpacbti-bet1/bin/../lib/gcc/arm-none-eabi/12.2.0/thumb/v6-m/nofp/crtbegin.o
LOAD c:/vsarm/armcc/12.2 mpacbti-bet1/bin/../lib/gcc/arm-none-eabi/12.2.0/thumb/v6-m/nofp/crt0.o

.flash_begin    0x10000000        0x0
                0x10000000                        __flash_binary_start = .

.boot2          0x10000000      0x100
                0x10000000                        __boot2_start__ = .
 *(.boot2)
 .boot2         0x10000000      0x100 C:\Users\elect\AppData\Local\Temp\ccscvhiE.o
                0x10000100                        __boot2_end__ = .
                0x00000001                        ASSERT (((__boot2_end__ - __boot2_start__) == 0x100), ERROR: Pico second stage bootloader must be 256 bytes in size)

.text           0x10000100     0x4078
                0x10000100                        __logical_binary_start = .
 *(.vectors)
 .vectors       0x10000100       0xd4 CMakeFiles/_20v_BUCK_CONVERTER.dir/C_/VSARM/sdk/pico/pico-sdk/src/rp2_common/pico_standard_link/crt0.S.obj
                0x10000100                __VECTOR_TABLE
                0x10000100                __vectors
                0x100001c0                isr_invalid
                0x100001c0                __default_isrs_start
                0x100001c2                isr_nmi
                0x100001c4                isr_hardfault
                0x100001c6                isr_svcall
                0x100001c8                isr_pendsv
                0x100001ca                isr_systick
                0x100001cc                isr_irq23
                0x100001cc                isr_irq18
                0x100001cc                isr_irq11
                0x100001cc                isr_irq28
                0x100001cc                isr_irq19
                0x100001cc                isr_irq0
                0x100001cc                isr_irq6
                0x100001cc                isr_irq5
                0x100001cc                isr_irq12
                0x100001cc                isr_irq22
                0x100001cc                isr_irq31
                0x100001cc                isr_irq17
                0x100001cc                isr_irq27
                0x100001cc                isr_irq30
                0x100001cc                isr_irq2
                0x100001cc                isr_irq10
                0x100001cc                isr_irq8
                0x100001cc                isr_irq24
                0x100001cc                isr_irq1
                0x100001cc                isr_irq7
                0x100001cc                isr_irq21
                0x100001cc                isr_irq20
                0x100001cc                isr_irq15
                0x100001cc                isr_irq25
                0x100001cc                isr_irq13
                0x100001cc                __unhandled_user_irq
                0x100001cc                isr_irq4
                0x100001cc                isr_irq16
                0x100001cc                isr_irq29
                0x100001cc                isr_irq26
                0x100001cc                __default_isrs_end
                0x100001cc                isr_irq3
                0x100001cc                isr_irq14
                0x100001cc                isr_irq9
                0x100001d2                unhandled_user_irq_num_in_r0
 *(.binary_info_header)
 .binary_info_header
                0x100001d4       0x14 CMakeFiles/_20v_BUCK_CONVERTER.dir/C_/VSARM/sdk/pico/pico-sdk/src/rp2_common/pico_standard_link/crt0.S.obj
                0x100001e8                        __binary_info_header_end = .
 *(.reset)
 .reset         0x100001e8       0xa8 CMakeFiles/_20v_BUCK_CONVERTER.dir/C_/VSARM/sdk/pico/pico-sdk/src/rp2_common/pico_standard_link/crt0.S.obj
                0x100001e8                _entry_point
                0x10000266                __get_current_exception
 .reset         0x10000290       0x30 CMakeFiles/_20v_BUCK_CONVERTER.dir/C_/VSARM/sdk/pico/pico-sdk/src/rp2_common/pico_standard_link/binary_info.c.obj
 *(.init)
 .init          0x100002c0        0x4 c:/vsarm/armcc/12.2 mpacbti-bet1/bin/../lib/gcc/arm-none-eabi/12.2.0/thumb/v6-m/nofp/crti.o
                0x100002c0                _init
 *(EXCLUDE_FILE(*libm.a: *libc.a:*lib_a-mem*.o *libgcc.a:) .text*)
 .text.register_tm_clones
                0x100002c4       0x28 c:/vsarm/armcc/12.2 mpacbti-bet1/bin/../lib/gcc/arm-none-eabi/12.2.0/thumb/v6-m/nofp/crtbegin.o
 .text.frame_dummy
                0x100002ec       0x24 c:/vsarm/armcc/12.2 mpacbti-bet1/bin/../lib/gcc/arm-none-eabi/12.2.0/thumb/v6-m/nofp/crtbegin.o
 .text.main     0x10000310       0x38 CMakeFiles/_20v_BUCK_CONVERTER.dir/main.c.obj
                0x10000310                main
 .text.init_timers
                0x10000348        0x2 CMakeFiles/_20v_BUCK_CONVERTER.dir/_20v_Buck_Converter.c.obj
                0x10000348                init_timers
 .text.init_pins
                0x1000034a        0x2 CMakeFiles/_20v_BUCK_CONVERTER.dir/_20v_Buck_Converter.c.obj
                0x1000034a                init_pins
 .text.init_vars
                0x1000034c       0x18 CMakeFiles/_20v_BUCK_CONVERTER.dir/_20v_Buck_Converter.c.obj
                0x1000034c                init_vars
 .text.output_enable
                0x10000364        0x2 CMakeFiles/_20v_BUCK_CONVERTER.dir/_20v_Buck_Converter.c.obj
                0x10000364                output_enable
 .text.read_output_voltage
                0x10000366        0x4 CMakeFiles/_20v_BUCK_CONVERTER.dir/_20v_Buck_Converter.c.obj
                0x10000366                read_output_voltage
 .text.calc_saturation
                0x1000036a        0x4 CMakeFiles/_20v_BUCK_CONVERTER.dir/_20v_Buck_Converter.c.obj
                0x1000036a                calc_saturation
 *fill*         0x1000036e        0x2 
 .text.constant_voltage
                0x10000370       0x98 CMakeFiles/_20v_BUCK_CONVERTER.dir/_20v_Buck_Converter.c.obj
                0x10000370                constant_voltage
 .text.soft_start
                0x10000408        0x4 CMakeFiles/_20v_BUCK_CONVERTER.dir/_20v_Buck_Converter.c.obj
                0x10000408                soft_start
 .text.hw_claim_lock
                0x1000040c       0x18 CMakeFiles/_20v_BUCK_CONVERTER.dir/C_/VSARM/sdk/pico/pico-sdk/src/rp2_common/hardware_claim/claim.c.obj
                0x1000040c                hw_claim_lock
 .text.hw_claim_unlock
                0x10000424       0x14 CMakeFiles/_20v_BUCK_CONVERTER.dir/C_/VSARM/sdk/pico/pico-sdk/src/rp2_common/hardware_claim/claim.c.obj
                0x10000424                hw_claim_unlock
 .text.hw_claim_or_assert
                0x10000438       0x32 CMakeFiles/_20v_BUCK_CONVERTER.dir/C_/VSARM/sdk/pico/pico-sdk/src/rp2_common/hardware_claim/claim.c.obj
                0x10000438                hw_claim_or_assert
 *fill*         0x1000046a        0x2 
 .text.running_on_fpga
                0x1000046c       0x14 CMakeFiles/_20v_BUCK_CONVERTER.dir/C_/VSARM/sdk/pico/pico-sdk/src/rp2_common/pico_platform/platform.c.obj
                0x1000046c                running_on_fpga
 .text.spin_locks_reset
                0x10000480       0x20 CMakeFiles/_20v_BUCK_CONVERTER.dir/C_/VSARM/sdk/pico/pico-sdk/src/rp2_common/hardware_sync/sync.c.obj
                0x10000480                spin_locks_reset
 .text.next_striped_spin_lock_num
                0x100004a0       0x1c CMakeFiles/_20v_BUCK_CONVERTER.dir/C_/VSARM/sdk/pico/pico-sdk/src/rp2_common/hardware_sync/sync.c.obj
                0x100004a0                next_striped_spin_lock_num
 .text.set_raw_irq_handler_and_unlock
                0x100004bc       0x28 CMakeFiles/_20v_BUCK_CONVERTER.dir/C_/VSARM/sdk/pico/pico-sdk/src/rp2_common/hardware_irq/irq.c.obj
 .text.resolve_branch
                0x100004e4       0x30 CMakeFiles/_20v_BUCK_CONVERTER.dir/C_/VSARM/sdk/pico/pico-sdk/src/rp2_common/hardware_irq/irq.c.obj
 .text.make_branch
                0x10000514       0x48 CMakeFiles/_20v_BUCK_CONVERTER.dir/C_/VSARM/sdk/pico/pico-sdk/src/rp2_common/hardware_irq/irq.c.obj
 .text.insert_branch_and_link
                0x1000055c       0x40 CMakeFiles/_20v_BUCK_CONVERTER.dir/C_/VSARM/sdk/pico/pico-sdk/src/rp2_common/hardware_irq/irq.c.obj
 .text.irq_is_enabled
                0x1000059c       0x18 CMakeFiles/_20v_BUCK_CONVERTER.dir/C_/VSARM/sdk/pico/pico-sdk/src/rp2_common/hardware_irq/irq.c.obj
                0x1000059c                irq_is_enabled
 .text.irq_set_mask_enabled
                0x100005b4       0x20 CMakeFiles/_20v_BUCK_CONVERTER.dir/C_/VSARM/sdk/pico/pico-sdk/src/rp2_common/hardware_irq/irq.c.obj
                0x100005b4                irq_set_mask_enabled
 .text.irq_set_enabled
                0x100005d4        0xe CMakeFiles/_20v_BUCK_CONVERTER.dir/C_/VSARM/sdk/pico/pico-sdk/src/rp2_common/hardware_irq/irq.c.obj
                0x100005d4                irq_set_enabled
 *fill*         0x100005e2        0x2 
 .text.irq_get_vtable_handler
                0x100005e4       0x10 CMakeFiles/_20v_BUCK_CONVERTER.dir/C_/VSARM/sdk/pico/pico-sdk/src/rp2_common/hardware_irq/irq.c.obj
                0x100005e4                irq_get_vtable_handler
 .text.irq_set_exclusive_handler
                0x100005f4       0x54 CMakeFiles/_20v_BUCK_CONVERTER.dir/C_/VSARM/sdk/pico/pico-sdk/src/rp2_common/hardware_irq/irq.c.obj
                0x100005f4                irq_set_exclusive_handler
 .text.irq_remove_handler
                0x10000648      0x188 CMakeFiles/_20v_BUCK_CONVERTER.dir/C_/VSARM/sdk/pico/pico-sdk/src/rp2_common/hardware_irq/irq.c.obj
                0x10000648                irq_remove_handler
 .text.irq_add_tail_to_free_list
                0x100007d0       0xf0 CMakeFiles/_20v_BUCK_CONVERTER.dir/C_/VSARM/sdk/pico/pico-sdk/src/rp2_common/hardware_irq/irq.c.obj
                0x100007d0                irq_add_tail_to_free_list
 .text.irq_init_priorities
                0x100008c0       0x1c CMakeFiles/_20v_BUCK_CONVERTER.dir/C_/VSARM/sdk/pico/pico-sdk/src/rp2_common/hardware_irq/irq.c.obj
                0x100008c0                irq_init_priorities
 .text.lock_init
                0x100008dc       0x10 CMakeFiles/_20v_BUCK_CONVERTER.dir/C_/VSARM/sdk/pico/pico-sdk/src/common/pico_sync/lock_core.c.obj
                0x100008dc                lock_init
 .text.time_reached
                0x100008ec       0x28 CMakeFiles/_20v_BUCK_CONVERTER.dir/C_/VSARM/sdk/pico/pico-sdk/src/common/pico_time/time.c.obj
 .text.get_entry
                0x10000914       0x38 CMakeFiles/_20v_BUCK_CONVERTER.dir/C_/VSARM/sdk/pico/pico-sdk/src/common/pico_time/time.c.obj
 .text.timer_pool_entry_comparator
                0x1000094c       0x2e CMakeFiles/_20v_BUCK_CONVERTER.dir/C_/VSARM/sdk/pico/pico-sdk/src/common/pico_time/time.c.obj
                0x1000094c                timer_pool_entry_comparator
 *fill*         0x1000097a        0x2 
 .text.update_us_since_boot
                0x1000097c       0x24 CMakeFiles/_20v_BUCK_CONVERTER.dir/C_/VSARM/sdk/pico/pico-sdk/src/common/pico_time/time.c.obj
 .text.delayed_by_us
                0x100009a0       0x36 CMakeFiles/_20v_BUCK_CONVERTER.dir/C_/VSARM/sdk/pico/pico-sdk/src/common/pico_time/time.c.obj
 *fill*         0x100009d6        0x2 
 .text.ph_get_node
                0x100009d8       0x30 CMakeFiles/_20v_BUCK_CONVERTER.dir/C_/VSARM/sdk/pico/pico-sdk/src/common/pico_time/time.c.obj
 .text.ph_contains_node
                0x10000a08       0x1e CMakeFiles/_20v_BUCK_CONVERTER.dir/C_/VSARM/sdk/pico/pico-sdk/src/common/pico_time/time.c.obj
 .text.ph_new_node
                0x10000a26       0x28 CMakeFiles/_20v_BUCK_CONVERTER.dir/C_/VSARM/sdk/pico/pico-sdk/src/common/pico_time/time.c.obj
 *fill*         0x10000a4e        0x2 
 .text.ph_add_child_node
                0x10000a50       0x6c CMakeFiles/_20v_BUCK_CONVERTER.dir/C_/VSARM/sdk/pico/pico-sdk/src/common/pico_time/time.c.obj
 .text.ph_merge_nodes
                0x10000abc       0x3e CMakeFiles/_20v_BUCK_CONVERTER.dir/C_/VSARM/sdk/pico/pico-sdk/src/common/pico_time/time.c.obj
 *fill*         0x10000afa        0x2 
 .text.ph_insert_node
                0x10000afc       0x3c CMakeFiles/_20v_BUCK_CONVERTER.dir/C_/VSARM/sdk/pico/pico-sdk/src/common/pico_time/time.c.obj
 .text.ph_free_node
                0x10000b38       0x3c CMakeFiles/_20v_BUCK_CONVERTER.dir/C_/VSARM/sdk/pico/pico-sdk/src/common/pico_time/time.c.obj
 .text.get_entry_id_high
                0x10000b74       0x30 CMakeFiles/_20v_BUCK_CONVERTER.dir/C_/VSARM/sdk/pico/pico-sdk/src/common/pico_time/time.c.obj
 .text.alarm_pool_post_alloc_init
                0x10000ba4       0x40 CMakeFiles/_20v_BUCK_CONVERTER.dir/C_/VSARM/sdk/pico/pico-sdk/src/common/pico_time/time.c.obj
 .text.sleep_until_callback
                0x10000be4       0x30 CMakeFiles/_20v_BUCK_CONVERTER.dir/C_/VSARM/sdk/pico/pico-sdk/src/common/pico_time/time.c.obj
 .text.get_absolute_time
                0x10000c14       0x22 CMakeFiles/_20v_BUCK_CONVERTER.dir/C_/VSARM/sdk/pico/pico-sdk/src/common/pico_time/time.c.obj
 .text.make_timeout_time_us
                0x10000c36       0x24 CMakeFiles/_20v_BUCK_CONVERTER.dir/C_/VSARM/sdk/pico/pico-sdk/src/common/pico_time/time.c.obj
 *fill*         0x10000c5a        0x2 
 .text.add_alarm_under_lock
                0x10000c5c       0x94 CMakeFiles/_20v_BUCK_CONVERTER.dir/C_/VSARM/sdk/pico/pico-sdk/src/common/pico_time/time.c.obj
 .text.alarm_pool_alarm_callback
                0x10000cf0      0x20c CMakeFiles/_20v_BUCK_CONVERTER.dir/C_/VSARM/sdk/pico/pico-sdk/src/common/pico_time/time.c.obj
 .text.alarm_pool_init_default
                0x10000efc       0x38 CMakeFiles/_20v_BUCK_CONVERTER.dir/C_/VSARM/sdk/pico/pico-sdk/src/common/pico_time/time.c.obj
                0x10000efc                alarm_pool_init_default
 .text.alarm_pool_get_default
                0x10000f34       0x2c CMakeFiles/_20v_BUCK_CONVERTER.dir/C_/VSARM/sdk/pico/pico-sdk/src/common/pico_time/time.c.obj
                0x10000f34                alarm_pool_get_default
 .text.alarm_pool_add_alarm_at
                0x10000f60      0x10e CMakeFiles/_20v_BUCK_CONVERTER.dir/C_/VSARM/sdk/pico/pico-sdk/src/common/pico_time/time.c.obj
                0x10000f60                alarm_pool_add_alarm_at
 .text.add_alarm_at
                0x1000106e       0x2e CMakeFiles/_20v_BUCK_CONVERTER.dir/C_/VSARM/sdk/pico/pico-sdk/src/common/pico_time/time.c.obj
 .text.sleep_until
                0x1000109c       0xb0 CMakeFiles/_20v_BUCK_CONVERTER.dir/C_/VSARM/sdk/pico/pico-sdk/src/common/pico_time/time.c.obj
                0x1000109c                sleep_until
 .text.sleep_us
                0x1000114c       0x1a CMakeFiles/_20v_BUCK_CONVERTER.dir/C_/VSARM/sdk/pico/pico-sdk/src/common/pico_time/time.c.obj
                0x1000114c                sleep_us
 .text.sleep_ms
                0x10001166       0x14 CMakeFiles/_20v_BUCK_CONVERTER.dir/C_/VSARM/sdk/pico/pico-sdk/src/common/pico_time/time.c.obj
                0x10001166                sleep_ms
 *fill*         0x1000117a        0x2 
 .text.hardware_alarm_irq_handler
                0x1000117c       0x88 CMakeFiles/_20v_BUCK_CONVERTER.dir/C_/VSARM/sdk/pico/pico-sdk/src/rp2_common/hardware_timer/timer.c.obj
 .text.hardware_alarm_claim
                0x10001204       0x18 CMakeFiles/_20v_BUCK_CONVERTER.dir/C_/VSARM/sdk/pico/pico-sdk/src/rp2_common/hardware_timer/timer.c.obj
                0x10001204                hardware_alarm_claim
 .text.time_us_64
                0x1000121c       0x18 CMakeFiles/_20v_BUCK_CONVERTER.dir/C_/VSARM/sdk/pico/pico-sdk/src/rp2_common/hardware_timer/timer.c.obj
                0x1000121c                time_us_64
 .text.busy_wait_until
                0x10001234       0x28 CMakeFiles/_20v_BUCK_CONVERTER.dir/C_/VSARM/sdk/pico/pico-sdk/src/rp2_common/hardware_timer/timer.c.obj
                0x10001234                busy_wait_until
 .text.hardware_alarm_set_callback
                0x1000125c       0x90 CMakeFiles/_20v_BUCK_CONVERTER.dir/C_/VSARM/sdk/pico/pico-sdk/src/rp2_common/hardware_timer/timer.c.obj
                0x1000125c                hardware_alarm_set_callback
 .text.hardware_alarm_set_target
                0x100012ec       0xe8 CMakeFiles/_20v_BUCK_CONVERTER.dir/C_/VSARM/sdk/pico/pico-sdk/src/rp2_common/hardware_timer/timer.c.obj
                0x100012ec                hardware_alarm_set_target
 .text.hardware_alarm_cancel
                0x100013d4       0x40 CMakeFiles/_20v_BUCK_CONVERTER.dir/C_/VSARM/sdk/pico/pico-sdk/src/rp2_common/hardware_timer/timer.c.obj
                0x100013d4                hardware_alarm_cancel
 .text.ph_get_node
                0x10001414       0x30 CMakeFiles/_20v_BUCK_CONVERTER.dir/C_/VSARM/sdk/pico/pico-sdk/src/common/pico_util/pheap.c.obj
 .text.ph_add_child_node
                0x10001444       0x6c CMakeFiles/_20v_BUCK_CONVERTER.dir/C_/VSARM/sdk/pico/pico-sdk/src/common/pico_util/pheap.c.obj
 .text.ph_merge_nodes
                0x100014b0       0x3e CMakeFiles/_20v_BUCK_CONVERTER.dir/C_/VSARM/sdk/pico/pico-sdk/src/common/pico_util/pheap.c.obj
 .text.ph_clear
                0x100014ee       0x34 CMakeFiles/_20v_BUCK_CONVERTER.dir/C_/VSARM/sdk/pico/pico-sdk/src/common/pico_util/pheap.c.obj
                0x100014ee                ph_clear
 .text.ph_post_alloc_init
                0x10001522        0xe CMakeFiles/_20v_BUCK_CONVERTER.dir/C_/VSARM/sdk/pico/pico-sdk/src/common/pico_util/pheap.c.obj
                0x10001522                ph_post_alloc_init
 .text.ph_merge_two_pass
                0x10001530       0x5c CMakeFiles/_20v_BUCK_CONVERTER.dir/C_/VSARM/sdk/pico/pico-sdk/src/common/pico_util/pheap.c.obj
                0x10001530                ph_merge_two_pass
 .text.ph_remove_any_head
                0x1000158c       0xa4 CMakeFiles/_20v_BUCK_CONVERTER.dir/C_/VSARM/sdk/pico/pico-sdk/src/common/pico_util/pheap.c.obj
 .text.ph_remove_head
                0x10001630       0x14 CMakeFiles/_20v_BUCK_CONVERTER.dir/C_/VSARM/sdk/pico/pico-sdk/src/common/pico_util/pheap.c.obj
                0x10001630                ph_remove_head
 .text.ph_remove_and_free_node
                0x10001644       0xa0 CMakeFiles/_20v_BUCK_CONVERTER.dir/C_/VSARM/sdk/pico/pico-sdk/src/common/pico_util/pheap.c.obj
                0x10001644                ph_remove_and_free_node
 .text.mutex_init
                0x100016e4       0x1a CMakeFiles/_20v_BUCK_CONVERTER.dir/C_/VSARM/sdk/pico/pico-sdk/src/common/pico_sync/mutex.c.obj
                0x100016e4                mutex_init
 .text.recursive_mutex_init
                0x100016fe       0x1e CMakeFiles/_20v_BUCK_CONVERTER.dir/C_/VSARM/sdk/pico/pico-sdk/src/common/pico_sync/mutex.c.obj
                0x100016fe                recursive_mutex_init
 .text._exit    0x1000171c        0x4 CMakeFiles/_20v_BUCK_CONVERTER.dir/C_/VSARM/sdk/pico/pico-sdk/src/rp2_common/pico_runtime/runtime.c.obj
                0x1000171c                _exit
 .text.exit     0x10001720        0x6 CMakeFiles/_20v_BUCK_CONVERTER.dir/C_/VSARM/sdk/pico/pico-sdk/src/rp2_common/pico_runtime/runtime.c.obj
                0x10001720                exit
 *fill*         0x10001726        0x2 
 .text.__assert_func
                0x10001728       0x38 CMakeFiles/_20v_BUCK_CONVERTER.dir/C_/VSARM/sdk/pico/pico-sdk/src/rp2_common/pico_runtime/runtime.c.obj
                0x10001728                __assert_func
 .text.runtime_init
                0x10001760       0xf8 CMakeFiles/_20v_BUCK_CONVERTER.dir/C_/VSARM/sdk/pico/pico-sdk/src/rp2_common/pico_runtime/runtime.c.obj
                0x10001760                runtime_init
 .text.panic    0x10001858       0x30 CMakeFiles/_20v_BUCK_CONVERTER.dir/C_/VSARM/sdk/pico/pico-sdk/src/rp2_common/pico_runtime/runtime.c.obj
                0x10001858                panic
 .text.clock_configure
                0x10001888      0x104 CMakeFiles/_20v_BUCK_CONVERTER.dir/C_/VSARM/sdk/pico/pico-sdk/src/rp2_common/hardware_clocks/clocks.c.obj
                0x10001888                clock_configure
 .text.clocks_init
                0x1000198c      0x100 CMakeFiles/_20v_BUCK_CONVERTER.dir/C_/VSARM/sdk/pico/pico-sdk/src/rp2_common/hardware_clocks/clocks.c.obj
                0x1000198c                clocks_init
 .text.pll_init
                0x10001a8c      0x140 CMakeFiles/_20v_BUCK_CONVERTER.dir/C_/VSARM/sdk/pico/pico-sdk/src/rp2_common/hardware_pll/pll.c.obj
                0x10001a8c                pll_init
 .text.watchdog_start_tick
                0x10001bcc       0x10 CMakeFiles/_20v_BUCK_CONVERTER.dir/C_/VSARM/sdk/pico/pico-sdk/src/rp2_common/hardware_watchdog/watchdog.c.obj
                0x10001bcc                watchdog_start_tick
 .text.xosc_init
                0x10001bdc       0x28 CMakeFiles/_20v_BUCK_CONVERTER.dir/C_/VSARM/sdk/pico/pico-sdk/src/rp2_common/hardware_xosc/xosc.c.obj
                0x10001bdc                xosc_init
 .text._out_null
                0x10001c04        0x2 CMakeFiles/_20v_BUCK_CONVERTER.dir/C_/VSARM/sdk/pico/pico-sdk/src/rp2_common/pico_printf/printf.c.obj
 .text._out_fct
                0x10001c06        0xe CMakeFiles/_20v_BUCK_CONVERTER.dir/C_/VSARM/sdk/pico/pico-sdk/src/rp2_common/pico_printf/printf.c.obj
 .text._atoi    0x10001c14       0x24 CMakeFiles/_20v_BUCK_CONVERTER.dir/C_/VSARM/sdk/pico/pico-sdk/src/rp2_common/pico_printf/printf.c.obj
 .text._out_rev
                0x10001c38       0xae CMakeFiles/_20v_BUCK_CONVERTER.dir/C_/VSARM/sdk/pico/pico-sdk/src/rp2_common/pico_printf/printf.c.obj
 .text._ntoa_format
                0x10001ce6      0x110 CMakeFiles/_20v_BUCK_CONVERTER.dir/C_/VSARM/sdk/pico/pico-sdk/src/rp2_common/pico_printf/printf.c.obj
 .text._ntoa_long
                0x10001df6       0xbc CMakeFiles/_20v_BUCK_CONVERTER.dir/C_/VSARM/sdk/pico/pico-sdk/src/rp2_common/pico_printf/printf.c.obj
 .text._ntoa_long_long
                0x10001eb2      0x10e CMakeFiles/_20v_BUCK_CONVERTER.dir/C_/VSARM/sdk/pico/pico-sdk/src/rp2_common/pico_printf/printf.c.obj
 .text._etoa    0x10001fc0      0x420 CMakeFiles/_20v_BUCK_CONVERTER.dir/C_/VSARM/sdk/pico/pico-sdk/src/rp2_common/pico_printf/printf.c.obj
 .text._ftoa    0x100023e0      0x354 CMakeFiles/_20v_BUCK_CONVERTER.dir/C_/VSARM/sdk/pico/pico-sdk/src/rp2_common/pico_printf/printf.c.obj
 .text._vsnprintf
                0x10002734      0x65c CMakeFiles/_20v_BUCK_CONVERTER.dir/C_/VSARM/sdk/pico/pico-sdk/src/rp2_common/pico_printf/printf.c.obj
 .text.vfctprintf
                0x10002d90       0x20 CMakeFiles/_20v_BUCK_CONVERTER.dir/C_/VSARM/sdk/pico/pico-sdk/src/rp2_common/pico_printf/printf.c.obj
                0x10002d90                vfctprintf
 .text          0x10002db0       0x10 CMakeFiles/_20v_BUCK_CONVERTER.dir/C_/VSARM/sdk/pico/pico-sdk/src/rp2_common/pico_bit_ops/bit_ops_aeabi.S.obj
 .text.rom_func_lookup
                0x10002dc0       0x10 CMakeFiles/_20v_BUCK_CONVERTER.dir/C_/VSARM/sdk/pico/pico-sdk/src/rp2_common/pico_bootrom/bootrom.c.obj
                0x10002dc0                rom_func_lookup
 .text.rom_data_lookup
                0x10002dd0       0x10 CMakeFiles/_20v_BUCK_CONVERTER.dir/C_/VSARM/sdk/pico/pico-sdk/src/rp2_common/pico_bootrom/bootrom.c.obj
                0x10002dd0                rom_data_lookup
 .text.rom_funcs_lookup
                0x10002de0       0x36 CMakeFiles/_20v_BUCK_CONVERTER.dir/C_/VSARM/sdk/pico/pico-sdk/src/rp2_common/pico_bootrom/bootrom.c.obj
                0x10002de0                rom_funcs_lookup
 *fill*         0x10002e16        0x2 
 .text.__wrap___aeabi_idiv
                0x10002e18       0x50 CMakeFiles/_20v_BUCK_CONVERTER.dir/C_/VSARM/sdk/pico/pico-sdk/src/rp2_common/pico_divider/divider.S.obj
                0x10002e18                __wrap___aeabi_idivmod
                0x10002e18                divmod_s32s32
                0x10002e18                div_s32s32
                0x10002e18                __wrap___aeabi_idiv
                0x10002e20                divmod_s32s32_unsafe
                0x10002e4c                divmod_s32s32_savestate
 .text.__wrap___aeabi_uidiv
                0x10002e68       0x4c CMakeFiles/_20v_BUCK_CONVERTER.dir/C_/VSARM/sdk/pico/pico-sdk/src/rp2_common/pico_divider/divider.S.obj
                0x10002e68                __wrap___aeabi_uidiv
                0x10002e68                __wrap___aeabi_uidivmod
                0x10002e68                div_u32u32
                0x10002e68                divmod_u32u32
                0x10002e70                divmod_u32u32_unsafe
                0x10002e98                divmod_u32u32_savestate
 .text.__wrap___aeabi_ldiv
                0x10002eb4      0x434 CMakeFiles/_20v_BUCK_CONVERTER.dir/C_/VSARM/sdk/pico/pico-sdk/src/rp2_common/pico_divider/divider.S.obj
                0x10002eb4                div_s64s64
                0x10002eb4                divmod_s64s64
                0x10002eb4                __wrap___aeabi_ldivmod
                0x10002eec                divmod_u64u64
                0x10002eec                div_u64u64
                0x10002eec                __wrap___aeabi_uldivmod
                0x10002efc                divmod_u64u64_savestate
                0x10002f24                divmod_s64s64_unsafe
                0x10002fac                divmod_u64u64_unsafe
 .text.__wrap___aeabi_darithmetic
                0x100032e8       0x80 CMakeFiles/_20v_BUCK_CONVERTER.dir/C_/VSARM/sdk/pico/pico-sdk/src/rp2_common/pico_double/double_aeabi.S.obj
                0x100032e8                __wrap___aeabi_drsub
                0x100032ee                __wrap___aeabi_dsub
                0x10003300                __wrap___aeabi_dadd
                0x10003312                __wrap___aeabi_ddiv
                0x1000334e                __wrap___aeabi_dmul
 .text.__wrap___aeabi_cdcmple
                0x10003368       0x6c CMakeFiles/_20v_BUCK_CONVERTER.dir/C_/VSARM/sdk/pico/pico-sdk/src/rp2_common/pico_double/double_aeabi.S.obj
                0x10003368                __wrap___aeabi_cdrcmple
                0x10003378                __wrap___aeabi_cdcmpeq
                0x10003378                __wrap___aeabi_cdcmple
 .text.__wrap___aeabi_dcmplt
                0x100033d4        0xc CMakeFiles/_20v_BUCK_CONVERTER.dir/C_/VSARM/sdk/pico/pico-sdk/src/rp2_common/pico_double/double_aeabi.S.obj
                0x100033d4                __wrap___aeabi_dcmplt
 .text.__wrap___aeabi_dcmple
                0x100033e0       0x10 CMakeFiles/_20v_BUCK_CONVERTER.dir/C_/VSARM/sdk/pico/pico-sdk/src/rp2_common/pico_double/double_aeabi.S.obj
                0x100033e0                __wrap___aeabi_dcmple
 .text.__wrap___aeabi_dcmpge
                0x100033f0       0x10 CMakeFiles/_20v_BUCK_CONVERTER.dir/C_/VSARM/sdk/pico/pico-sdk/src/rp2_common/pico_double/double_aeabi.S.obj
                0x100033f0                __wrap___aeabi_dcmpge
 .text.__wrap___aeabi_dcmpgt
                0x10003400        0xa CMakeFiles/_20v_BUCK_CONVERTER.dir/C_/VSARM/sdk/pico/pico-sdk/src/rp2_common/pico_double/double_aeabi.S.obj
                0x10003400                __wrap___aeabi_dcmpgt
 .text.__wrap___aeabi_dcmpun
                0x1000340a       0x1c CMakeFiles/_20v_BUCK_CONVERTER.dir/C_/VSARM/sdk/pico/pico-sdk/src/rp2_common/pico_double/double_aeabi.S.obj
                0x1000340a                __wrap___aeabi_dcmpun
 *fill*         0x10003426        0x2 
 .text.__wrap___aeabi_i2d
                0x10003428       0x38 CMakeFiles/_20v_BUCK_CONVERTER.dir/C_/VSARM/sdk/pico/pico-sdk/src/rp2_common/pico_double/double_aeabi.S.obj
                0x10003428                __wrap___aeabi_ui2d
                0x10003430                __wrap___aeabi_i2d
 .text.__wrap___aeabi_d2iz
                0x10003460       0x48 CMakeFiles/_20v_BUCK_CONVERTER.dir/C_/VSARM/sdk/pico/pico-sdk/src/rp2_common/pico_double/double_aeabi.S.obj
                0x10003460                double2int_z
                0x10003460                __wrap___aeabi_d2iz
 .text.__wrap___aeabi_d2uiz
                0x100034a8       0x18 CMakeFiles/_20v_BUCK_CONVERTER.dir/C_/VSARM/sdk/pico/pico-sdk/src/rp2_common/pico_double/double_aeabi.S.obj
                0x100034a8                __wrap___aeabi_d2uiz
                0x100034a8                double2uint
 .text.__wrap___aeabi_d2f
                0x100034c0       0x18 CMakeFiles/_20v_BUCK_CONVERTER.dir/C_/VSARM/sdk/pico/pico-sdk/src/rp2_common/pico_double/double_aeabi.S.obj
                0x100034c0                __wrap___aeabi_d2f
 .text.__aeabi_double_init
                0x100034d8       0xcc CMakeFiles/_20v_BUCK_CONVERTER.dir/C_/VSARM/sdk/pico/pico-sdk/src/rp2_common/pico_double/double_init_rom.c.obj
                0x100034d8                __aeabi_double_init
 .text.double_table_shim_on_use_helper
                0x100035a4       0x34 CMakeFiles/_20v_BUCK_CONVERTER.dir/C_/VSARM/sdk/pico/pico-sdk/src/rp2_common/pico_double/double_v1_rom_shim.S.obj
                0x100035a4                double_table_shim_on_use_helper
 .text.__wrap___aeabi_dsub
                0x100035d8       0x10 CMakeFiles/_20v_BUCK_CONVERTER.dir/C_/VSARM/sdk/pico/pico-sdk/src/rp2_common/pico_double/double_v1_rom_shim.S.obj
                0x100035d8                drsub_shim
                0x100035de                dsub_shim
 .text.dadd_shim
                0x100035e8      0x15c CMakeFiles/_20v_BUCK_CONVERTER.dir/C_/VSARM/sdk/pico/pico-sdk/src/rp2_common/pico_double/double_v1_rom_shim.S.obj
                0x100035e8                dadd_shim
 .text.dmul_shim
                0x10003744      0x15c CMakeFiles/_20v_BUCK_CONVERTER.dir/C_/VSARM/sdk/pico/pico-sdk/src/rp2_common/pico_double/double_v1_rom_shim.S.obj
                0x10003744                dmul_shim
 .text.ddiv_shim
                0x100038a0      0x1b0 CMakeFiles/_20v_BUCK_CONVERTER.dir/C_/VSARM/sdk/pico/pico-sdk/src/rp2_common/pico_double/double_v1_rom_shim.S.obj
                0x100038a0                ddiv_shim
 .text.double2uint_shim
                0x10003a50        0xe CMakeFiles/_20v_BUCK_CONVERTER.dir/C_/VSARM/sdk/pico/pico-sdk/src/rp2_common/pico_double/double_v1_rom_shim.S.obj
                0x10003a50                double2uint_shim
                0x10003a52                double2ufix_shim
 *fill*         0x10003a5e        0x2 
 .text.double2uint64_shim
                0x10003a60       0x70 CMakeFiles/_20v_BUCK_CONVERTER.dir/C_/VSARM/sdk/pico/pico-sdk/src/rp2_common/pico_double/double_v1_rom_shim.S.obj
                0x10003a60                double2uint64_shim
                0x10003a62                double2ufix64_shim
                0x10003a82                d2fix_a
 .text.double2float_shim
                0x10003ad0       0x5c CMakeFiles/_20v_BUCK_CONVERTER.dir/C_/VSARM/sdk/pico/pico-sdk/src/rp2_common/pico_double/double_v1_rom_shim.S.obj
                0x10003ad0                double2float_shim
 .text.dunpacks
                0x10003b2c       0x3c CMakeFiles/_20v_BUCK_CONVERTER.dir/C_/VSARM/sdk/pico/pico-sdk/src/rp2_common/pico_double/double_v1_rom_shim.S.obj
                0x10003b2c                dunpacks
 .text.__aeabi_lmul
                0x10003b68       0x32 CMakeFiles/_20v_BUCK_CONVERTER.dir/C_/VSARM/sdk/pico/pico-sdk/src/rp2_common/pico_int64_ops/pico_int64_ops_aeabi.S.obj
                0x10003b68                __wrap___aeabi_lmul
 *fill*         0x10003b9a        0x2 
 .text.__wrap___aeabi_farithmetic
                0x10003b9c       0x58 CMakeFiles/_20v_BUCK_CONVERTER.dir/C_/VSARM/sdk/pico/pico-sdk/src/rp2_common/pico_float/float_aeabi.S.obj
                0x10003b9c                __wrap___aeabi_frsub
                0x10003ba2                __wrap___aeabi_fsub
                0x10003bac                __wrap___aeabi_fadd
                0x10003bb6                __wrap___aeabi_fdiv
                0x10003be2                __wrap___aeabi_fmul
 .text.__wrap___aeabi_cfcmple
                0x10003bf4       0x50 CMakeFiles/_20v_BUCK_CONVERTER.dir/C_/VSARM/sdk/pico/pico-sdk/src/rp2_common/pico_float/float_aeabi.S.obj
                0x10003bf4                __wrap___aeabi_cfrcmple
                0x10003c00                __wrap___aeabi_cfcmple
                0x10003c00                __wrap___aeabi_cfcmpeq
 .text.__wrap___aeabi_fcmplt
                0x10003c44        0xc CMakeFiles/_20v_BUCK_CONVERTER.dir/C_/VSARM/sdk/pico/pico-sdk/src/rp2_common/pico_float/float_aeabi.S.obj
                0x10003c44                __wrap___aeabi_fcmplt
 .text.__wrap___aeabi_fcmpgt
                0x10003c50        0xa CMakeFiles/_20v_BUCK_CONVERTER.dir/C_/VSARM/sdk/pico/pico-sdk/src/rp2_common/pico_float/float_aeabi.S.obj
                0x10003c50                __wrap___aeabi_fcmpgt
 *fill*         0x10003c5a        0x2 
 .text.__wrap___aeabi_f2d
                0x10003c5c       0x14 CMakeFiles/_20v_BUCK_CONVERTER.dir/C_/VSARM/sdk/pico/pico-sdk/src/rp2_common/pico_float/float_aeabi.S.obj
                0x10003c5c                __wrap___aeabi_f2d
 .text.__aeabi_float_init
                0x10003c70       0xfc CMakeFiles/_20v_BUCK_CONVERTER.dir/C_/VSARM/sdk/pico/pico-sdk/src/rp2_common/pico_float/float_init_rom.c.obj
                0x10003c70                __aeabi_float_init
 .text.float_table_shim_on_use_helper
                0x10003d6c       0x34 CMakeFiles/_20v_BUCK_CONVERTER.dir/C_/VSARM/sdk/pico/pico-sdk/src/rp2_common/pico_float/float_v1_rom_shim.S.obj
                0x10003d6c                float_table_shim_on_use_helper
 .text.float2double_shim
                0x10003da0       0x30 CMakeFiles/_20v_BUCK_CONVERTER.dir/C_/VSARM/sdk/pico/pico-sdk/src/rp2_common/pico_float/float_v1_rom_shim.S.obj
                0x10003da0                float2double_shim
 .text          0x10003dd0       0x10 CMakeFiles/_20v_BUCK_CONVERTER.dir/C_/VSARM/sdk/pico/pico-sdk/src/rp2_common/pico_mem_ops/mem_ops_aeabi.S.obj
                0x10003dd0                __aeabi_mem_init
 .text.memset   0x10003de0        0xc CMakeFiles/_20v_BUCK_CONVERTER.dir/C_/VSARM/sdk/pico/pico-sdk/src/rp2_common/pico_mem_ops/mem_ops_aeabi.S.obj
                0x10003de0                __wrap_memset
 .text.memcpy   0x10003dec        0xc CMakeFiles/_20v_BUCK_CONVERTER.dir/C_/VSARM/sdk/pico/pico-sdk/src/rp2_common/pico_mem_ops/mem_ops_aeabi.S.obj
                0x10003dec                __wrap_memcpy
                0x10003dec                __wrap___aeabi_memcpy
 .text.stdio_out_chars_no_crlf
                0x10003df8        0xe CMakeFiles/_20v_BUCK_CONVERTER.dir/C_/VSARM/sdk/pico/pico-sdk/src/rp2_common/pico_stdio/stdio.c.obj
 *fill*         0x10003e06        0x2 
 .text.stdio_out_chars_crlf
                0x10003e08       0x80 CMakeFiles/_20v_BUCK_CONVERTER.dir/C_/VSARM/sdk/pico/pico-sdk/src/rp2_common/pico_stdio/stdio.c.obj
 .text.stdio_stack_buffer_flush
                0x10003e88       0x44 CMakeFiles/_20v_BUCK_CONVERTER.dir/C_/VSARM/sdk/pico/pico-sdk/src/rp2_common/pico_stdio/stdio.c.obj
 .text.stdio_buffered_printer
                0x10003ecc       0x20 CMakeFiles/_20v_BUCK_CONVERTER.dir/C_/VSARM/sdk/pico/pico-sdk/src/rp2_common/pico_stdio/stdio.c.obj
 .text.stdout_serialize_begin
                0x10003eec       0x30 CMakeFiles/_20v_BUCK_CONVERTER.dir/C_/VSARM/sdk/pico/pico-sdk/src/rp2_common/pico_stdio/stdio.c.obj
                0x10003eec                stdout_serialize_begin
 .text.stdout_serialize_end
                0x10003f1c       0x10 CMakeFiles/_20v_BUCK_CONVERTER.dir/C_/VSARM/sdk/pico/pico-sdk/src/rp2_common/pico_stdio/stdio.c.obj
                0x10003f1c                stdout_serialize_end
 .text.stdio_put_string
                0x10003f2c       0x98 CMakeFiles/_20v_BUCK_CONVERTER.dir/C_/VSARM/sdk/pico/pico-sdk/src/rp2_common/pico_stdio/stdio.c.obj
 .text.stdio_flush
                0x10003fc4       0x20 CMakeFiles/_20v_BUCK_CONVERTER.dir/C_/VSARM/sdk/pico/pico-sdk/src/rp2_common/pico_stdio/stdio.c.obj
                0x10003fc4                stdio_flush
 .text.__wrap_puts
                0x10003fe4       0x1e CMakeFiles/_20v_BUCK_CONVERTER.dir/C_/VSARM/sdk/pico/pico-sdk/src/rp2_common/pico_stdio/stdio.c.obj
                0x10003fe4                __wrap_puts
 *fill*         0x10004002        0x2 
 .text.__wrap_vprintf
                0x10004004       0x44 CMakeFiles/_20v_BUCK_CONVERTER.dir/C_/VSARM/sdk/pico/pico-sdk/src/rp2_common/pico_stdio/stdio.c.obj
                0x10004004                __wrap_vprintf
 .text.__wrap_printf
                0x10004048       0x18 CMakeFiles/_20v_BUCK_CONVERTER.dir/C_/VSARM/sdk/pico/pico-sdk/src/rp2_common/pico_stdio/stdio.c.obj
                0x10004048                __wrap_printf
 .text._retrieve_unique_id_on_boot
                0x10004060       0x10 CMakeFiles/_20v_BUCK_CONVERTER.dir/C_/VSARM/sdk/pico/pico-sdk/src/rp2_common/pico_unique_id/unique_id.c.obj
 .text.flash_get_unique_id
                0x10004070       0x46 CMakeFiles/_20v_BUCK_CONVERTER.dir/C_/VSARM/sdk/pico/pico-sdk/src/rp2_common/hardware_flash/flash.c.obj
                0x10004070                flash_get_unique_id
 *fill*         0x100040b6        0x2 
 .text.strlen   0x100040b8       0x5c c:/vsarm/armcc/12.2 mpacbti-bet1/bin/../lib/gcc/arm-none-eabi/12.2.0/thumb/v6-m/nofp\libg.a(libc_a-strlen-stub.o)
                0x100040b8                strlen
 *(.fini)
 .fini          0x10004114        0x4 c:/vsarm/armcc/12.2 mpacbti-bet1/bin/../lib/gcc/arm-none-eabi/12.2.0/thumb/v6-m/nofp/crti.o
                0x10004114                _fini
 .fini.__stub   0x10004118       0x60 linker stubs
 *crtbegin.o(.ctors)
 *crtbegin?.o(.ctors)
 *(EXCLUDE_FILE(*crtend.o *crtend?.o) .ctors)
 *(SORT_BY_NAME(.ctors.*))
 *(.ctors)
 *crtbegin.o(.dtors)
 *crtbegin?.o(.dtors)
 *(EXCLUDE_FILE(*crtend.o *crtend?.o) .dtors)
 *(SORT_BY_NAME(.dtors.*))
 *(.dtors)
 *(.eh_frame*)
 .eh_frame      0x10004178        0x0 c:/vsarm/armcc/12.2 mpacbti-bet1/bin/../lib/gcc/arm-none-eabi/12.2.0/thumb/v6-m/nofp/crtbegin.o
                0x10004178                        . = ALIGN (0x4)

.glue_7         0x10004178        0x0
 .glue_7        0x10004178        0x0 linker stubs

.glue_7t        0x10004178        0x0
 .glue_7t       0x10004178        0x0 linker stubs

.vfp11_veneer   0x10004178        0x0
 .vfp11_veneer  0x10004178        0x0 linker stubs

.v4_bx          0x10004178        0x0
 .v4_bx         0x10004178        0x0 linker stubs

.iplt           0x10004178        0x0
 .iplt          0x10004178        0x0 c:/vsarm/armcc/12.2 mpacbti-bet1/bin/../lib/gcc/arm-none-eabi/12.2.0/thumb/v6-m/nofp/crtbegin.o

.rodata         0x10004178      0xed8
 *(EXCLUDE_FILE(*libm.a: *libc.a:*lib_a-mem*.o *libgcc.a:) .rodata*)
 .rodata.resolve_branch.str1.4
                0x10004178       0x55 CMakeFiles/_20v_BUCK_CONVERTER.dir/C_/VSARM/sdk/pico/pico-sdk/src/rp2_common/hardware_irq/irq.c.obj
 *fill*         0x100041cd        0x3 
 .rodata.make_branch.str1.4
                0x100041d0       0x30 CMakeFiles/_20v_BUCK_CONVERTER.dir/C_/VSARM/sdk/pico/pico-sdk/src/rp2_common/hardware_irq/irq.c.obj
 .rodata.insert_branch_and_link.str1.4
                0x10004200       0x10 CMakeFiles/_20v_BUCK_CONVERTER.dir/C_/VSARM/sdk/pico/pico-sdk/src/rp2_common/hardware_irq/irq.c.obj
 .rodata.irq_set_exclusive_handler.str1.4
                0x10004210       0x36 CMakeFiles/_20v_BUCK_CONVERTER.dir/C_/VSARM/sdk/pico/pico-sdk/src/rp2_common/hardware_irq/irq.c.obj
 *fill*         0x10004246        0x2 
 .rodata.irq_remove_handler.str1.4
                0x10004248       0x2a CMakeFiles/_20v_BUCK_CONVERTER.dir/C_/VSARM/sdk/pico/pico-sdk/src/rp2_common/hardware_irq/irq.c.obj
 *fill*         0x10004272        0x2 
 .rodata.irq_add_tail_to_free_list.str1.4
                0x10004274       0x3a CMakeFiles/_20v_BUCK_CONVERTER.dir/C_/VSARM/sdk/pico/pico-sdk/src/rp2_common/hardware_irq/irq.c.obj
 *fill*         0x100042ae        0x2 
 .rodata.__func__.0
                0x100042b0       0x1a CMakeFiles/_20v_BUCK_CONVERTER.dir/C_/VSARM/sdk/pico/pico-sdk/src/rp2_common/hardware_irq/irq.c.obj
 *fill*         0x100042ca        0x2 
 .rodata.__func__.1
                0x100042cc       0x17 CMakeFiles/_20v_BUCK_CONVERTER.dir/C_/VSARM/sdk/pico/pico-sdk/src/rp2_common/hardware_irq/irq.c.obj
 *fill*         0x100042e3        0x1 
 .rodata.__func__.2
                0x100042e4       0x13 CMakeFiles/_20v_BUCK_CONVERTER.dir/C_/VSARM/sdk/pico/pico-sdk/src/rp2_common/hardware_irq/irq.c.obj
 *fill*         0x100042f7        0x1 
 .rodata.__func__.3
                0x100042f8        0xc CMakeFiles/_20v_BUCK_CONVERTER.dir/C_/VSARM/sdk/pico/pico-sdk/src/rp2_common/hardware_irq/irq.c.obj
 .rodata.__func__.4
                0x10004304        0xf CMakeFiles/_20v_BUCK_CONVERTER.dir/C_/VSARM/sdk/pico/pico-sdk/src/rp2_common/hardware_irq/irq.c.obj
 *fill*         0x10004313        0x1 
 .rodata.__func__.6
                0x10004314       0x1a CMakeFiles/_20v_BUCK_CONVERTER.dir/C_/VSARM/sdk/pico/pico-sdk/src/rp2_common/hardware_irq/irq.c.obj
 *fill*         0x1000432e        0x2 
 .rodata.get_entry.str1.4
                0x10004330       0x5b CMakeFiles/_20v_BUCK_CONVERTER.dir/C_/VSARM/sdk/pico/pico-sdk/src/common/pico_time/time.c.obj
 *fill*         0x1000438b        0x1 
 .rodata.update_us_since_boot.str1.4
                0x1000438c       0x61 CMakeFiles/_20v_BUCK_CONVERTER.dir/C_/VSARM/sdk/pico/pico-sdk/src/common/pico_time/time.c.obj
 *fill*         0x100043ed        0x3 
 .rodata.ph_get_node.str1.4
                0x100043f0       0x66 CMakeFiles/_20v_BUCK_CONVERTER.dir/C_/VSARM/sdk/pico/pico-sdk/src/common/pico_time/time.c.obj
 *fill*         0x10004456        0x2 
 .rodata.ph_add_child_node.str1.4
                0x10004458       0x2e CMakeFiles/_20v_BUCK_CONVERTER.dir/C_/VSARM/sdk/pico/pico-sdk/src/common/pico_time/time.c.obj
 *fill*         0x10004486        0x2 
 .rodata.ph_insert_node.str1.4
                0x10004488        0x3 CMakeFiles/_20v_BUCK_CONVERTER.dir/C_/VSARM/sdk/pico/pico-sdk/src/common/pico_time/time.c.obj
 *fill*         0x1000448b        0x1 
 .rodata.ph_free_node.str1.4
                0x1000448c       0x22 CMakeFiles/_20v_BUCK_CONVERTER.dir/C_/VSARM/sdk/pico/pico-sdk/src/common/pico_time/time.c.obj
 *fill*         0x100044ae        0x2 
 .rodata.add_alarm_under_lock.str1.4
                0x100044b0       0x28 CMakeFiles/_20v_BUCK_CONVERTER.dir/C_/VSARM/sdk/pico/pico-sdk/src/common/pico_time/time.c.obj
 .rodata.alarm_pool_alarm_callback.str1.4
                0x100044d8       0x60 CMakeFiles/_20v_BUCK_CONVERTER.dir/C_/VSARM/sdk/pico/pico-sdk/src/common/pico_time/time.c.obj
 .rodata.alarm_pool_get_default.str1.4
                0x10004538       0x21 CMakeFiles/_20v_BUCK_CONVERTER.dir/C_/VSARM/sdk/pico/pico-sdk/src/common/pico_time/time.c.obj
 *fill*         0x10004559        0x3 
 .rodata.sleep_until.str1.4
                0x1000455c       0x4d CMakeFiles/_20v_BUCK_CONVERTER.dir/C_/VSARM/sdk/pico/pico-sdk/src/common/pico_time/time.c.obj
 *fill*         0x100045a9        0x3 
 .rodata.__func__.3
                0x100045ac       0x17 CMakeFiles/_20v_BUCK_CONVERTER.dir/C_/VSARM/sdk/pico/pico-sdk/src/common/pico_time/time.c.obj
 *fill*         0x100045c3        0x1 
 .rodata.__func__.4
                0x100045c4       0x12 CMakeFiles/_20v_BUCK_CONVERTER.dir/C_/VSARM/sdk/pico/pico-sdk/src/common/pico_time/time.c.obj
 *fill*         0x100045d6        0x2 
 .rodata.__func__.5
                0x100045d8        0xd CMakeFiles/_20v_BUCK_CONVERTER.dir/C_/VSARM/sdk/pico/pico-sdk/src/common/pico_time/time.c.obj
 *fill*         0x100045e5        0x3 
 .rodata.__func__.6
                0x100045e8       0x12 CMakeFiles/_20v_BUCK_CONVERTER.dir/C_/VSARM/sdk/pico/pico-sdk/src/common/pico_time/time.c.obj
 *fill*         0x100045fa        0x2 
 .rodata.__func__.7
                0x100045fc        0xf CMakeFiles/_20v_BUCK_CONVERTER.dir/C_/VSARM/sdk/pico/pico-sdk/src/common/pico_time/time.c.obj
 *fill*         0x1000460b        0x1 
 .rodata.__func__.8
                0x1000460c        0xc CMakeFiles/_20v_BUCK_CONVERTER.dir/C_/VSARM/sdk/pico/pico-sdk/src/common/pico_time/time.c.obj
 .rodata.__func__.9
                0x10004618       0x15 CMakeFiles/_20v_BUCK_CONVERTER.dir/C_/VSARM/sdk/pico/pico-sdk/src/common/pico_time/time.c.obj
 *fill*         0x1000462d        0x3 
 .rodata.__func__.10
                0x10004630       0x15 CMakeFiles/_20v_BUCK_CONVERTER.dir/C_/VSARM/sdk/pico/pico-sdk/src/common/pico_time/time.c.obj
 *fill*         0x10004645        0x3 
 .rodata.__func__.11
                0x10004648       0x1a CMakeFiles/_20v_BUCK_CONVERTER.dir/C_/VSARM/sdk/pico/pico-sdk/src/common/pico_time/time.c.obj
 *fill*         0x10004662        0x2 
 .rodata.__func__.12
                0x10004664        0xa CMakeFiles/_20v_BUCK_CONVERTER.dir/C_/VSARM/sdk/pico/pico-sdk/src/common/pico_time/time.c.obj
 *fill*         0x1000466e        0x2 
 .rodata.hardware_alarm_claim.str1.4
                0x10004670       0x22 CMakeFiles/_20v_BUCK_CONVERTER.dir/C_/VSARM/sdk/pico/pico-sdk/src/rp2_common/hardware_timer/timer.c.obj
 *fill*         0x10004692        0x2 
 .rodata.hardware_alarm_set_target.str1.4
                0x10004694       0x65 CMakeFiles/_20v_BUCK_CONVERTER.dir/C_/VSARM/sdk/pico/pico-sdk/src/rp2_common/hardware_timer/timer.c.obj
 *fill*         0x100046f9        0x3 
 .rodata.__func__.0
                0x100046fc       0x1a CMakeFiles/_20v_BUCK_CONVERTER.dir/C_/VSARM/sdk/pico/pico-sdk/src/rp2_common/hardware_timer/timer.c.obj
 .rodata.ph_get_node.str1.4
                0x10004716       0x66 CMakeFiles/_20v_BUCK_CONVERTER.dir/C_/VSARM/sdk/pico/pico-sdk/src/common/pico_util/pheap.c.obj
 .rodata.ph_add_child_node.str1.4
                0x10004716       0x2e CMakeFiles/_20v_BUCK_CONVERTER.dir/C_/VSARM/sdk/pico/pico-sdk/src/common/pico_util/pheap.c.obj
 *fill*         0x10004716        0x2 
 .rodata.ph_remove_any_head.str1.4
                0x10004718       0x8c CMakeFiles/_20v_BUCK_CONVERTER.dir/C_/VSARM/sdk/pico/pico-sdk/src/common/pico_util/pheap.c.obj
 .rodata.ph_remove_and_free_node.str1.4
                0x100047a4       0x1e CMakeFiles/_20v_BUCK_CONVERTER.dir/C_/VSARM/sdk/pico/pico-sdk/src/common/pico_util/pheap.c.obj
                                 0x26 (size before relaxing)
 *fill*         0x100047c2        0x2 
 .rodata.__func__.0
                0x100047c4       0x18 CMakeFiles/_20v_BUCK_CONVERTER.dir/C_/VSARM/sdk/pico/pico-sdk/src/common/pico_util/pheap.c.obj
 .rodata.__func__.1
                0x100047dc       0x13 CMakeFiles/_20v_BUCK_CONVERTER.dir/C_/VSARM/sdk/pico/pico-sdk/src/common/pico_util/pheap.c.obj
 *fill*         0x100047ef        0x1 
 .rodata.__func__.2
                0x100047f0       0x12 CMakeFiles/_20v_BUCK_CONVERTER.dir/C_/VSARM/sdk/pico/pico-sdk/src/common/pico_util/pheap.c.obj
 *fill*         0x10004802        0x2 
 .rodata.__func__.3
                0x10004804        0xc CMakeFiles/_20v_BUCK_CONVERTER.dir/C_/VSARM/sdk/pico/pico-sdk/src/common/pico_util/pheap.c.obj
 .rodata.str1.4
                0x10004810       0x89 CMakeFiles/_20v_BUCK_CONVERTER.dir/C_/VSARM/sdk/pico/pico-sdk/src/common/pico_sync/mutex.c.obj
 *fill*         0x10004899        0x3 
 .rodata.__func__.1
                0x1000489c        0xb CMakeFiles/_20v_BUCK_CONVERTER.dir/C_/VSARM/sdk/pico/pico-sdk/src/common/pico_sync/mutex.c.obj
 *fill*         0x100048a7        0x1 
 .rodata.__assert_func.str1.4
                0x100048a8       0x3f CMakeFiles/_20v_BUCK_CONVERTER.dir/C_/VSARM/sdk/pico/pico-sdk/src/rp2_common/pico_runtime/runtime.c.obj
                                 0x43 (size before relaxing)
 *fill*         0x100048e7        0x1 
 .rodata.runtime_init.str1.4
                0x100048e8       0x61 CMakeFiles/_20v_BUCK_CONVERTER.dir/C_/VSARM/sdk/pico/pico-sdk/src/rp2_common/pico_runtime/runtime.c.obj
 *fill*         0x10004949        0x3 
 .rodata.panic.str1.4
                0x1000494c       0x12 CMakeFiles/_20v_BUCK_CONVERTER.dir/C_/VSARM/sdk/pico/pico-sdk/src/rp2_common/pico_runtime/runtime.c.obj
 *fill*         0x1000495e        0x2 
 .rodata.__func__.1
                0x10004960        0xd CMakeFiles/_20v_BUCK_CONVERTER.dir/C_/VSARM/sdk/pico/pico-sdk/src/rp2_common/pico_runtime/runtime.c.obj
 *fill*         0x1000496d        0x3 
 .rodata.clock_configure.str1.4
                0x10004970       0x57 CMakeFiles/_20v_BUCK_CONVERTER.dir/C_/VSARM/sdk/pico/pico-sdk/src/rp2_common/hardware_clocks/clocks.c.obj
 *fill*         0x100049c7        0x1 
 .rodata.__func__.1
                0x100049c8       0x10 CMakeFiles/_20v_BUCK_CONVERTER.dir/C_/VSARM/sdk/pico/pico-sdk/src/rp2_common/hardware_clocks/clocks.c.obj
 .rodata.pll_init.str1.4
                0x100049d8      0x13b CMakeFiles/_20v_BUCK_CONVERTER.dir/C_/VSARM/sdk/pico/pico-sdk/src/rp2_common/hardware_pll/pll.c.obj
 *fill*         0x10004b13        0x1 
 .rodata.__func__.0
                0x10004b14        0x9 CMakeFiles/_20v_BUCK_CONVERTER.dir/C_/VSARM/sdk/pico/pico-sdk/src/rp2_common/hardware_pll/pll.c.obj
 *fill*         0x10004b1d        0x3 
 .rodata._ftoa.str1.4
                0x10004b20       0x15 CMakeFiles/_20v_BUCK_CONVERTER.dir/C_/VSARM/sdk/pico/pico-sdk/src/rp2_common/pico_printf/printf.c.obj
 *fill*         0x10004b35        0x3 
 .rodata._vsnprintf
                0x10004b38      0x19c CMakeFiles/_20v_BUCK_CONVERTER.dir/C_/VSARM/sdk/pico/pico-sdk/src/rp2_common/pico_printf/printf.c.obj
 *fill*         0x10004cd4        0x4 
 .rodata.pow10.0
                0x10004cd8       0x50 CMakeFiles/_20v_BUCK_CONVERTER.dir/C_/VSARM/sdk/pico/pico-sdk/src/rp2_common/pico_printf/printf.c.obj
 .rodata.__aeabi_double_init.str1.4
                0x10004d28       0xa8 CMakeFiles/_20v_BUCK_CONVERTER.dir/C_/VSARM/sdk/pico/pico-sdk/src/rp2_common/pico_double/double_init_rom.c.obj
 .rodata.__func__.0
                0x10004dd0       0x14 CMakeFiles/_20v_BUCK_CONVERTER.dir/C_/VSARM/sdk/pico/pico-sdk/src/rp2_common/pico_double/double_init_rom.c.obj
 .rodata.__aeabi_float_init.str1.4
                0x10004de4       0x7a CMakeFiles/_20v_BUCK_CONVERTER.dir/C_/VSARM/sdk/pico/pico-sdk/src/rp2_common/pico_float/float_init_rom.c.obj
                                 0x7e (size before relaxing)
 *fill*         0x10004e5e        0x2 
 .rodata.__func__.0
                0x10004e60       0x13 CMakeFiles/_20v_BUCK_CONVERTER.dir/C_/VSARM/sdk/pico/pico-sdk/src/rp2_common/pico_float/float_init_rom.c.obj
 *fill*         0x10004e73        0x1 
 .rodata.str1.4
                0x10004e74       0x48 CMakeFiles/_20v_BUCK_CONVERTER.dir/C_/VSARM/sdk/pico/pico-sdk/src/rp2_common/pico_standard_link/binary_info.c.obj
 .rodata.__bi_81
                0x10004ebc        0xc CMakeFiles/_20v_BUCK_CONVERTER.dir/C_/VSARM/sdk/pico/pico-sdk/src/rp2_common/pico_standard_link/binary_info.c.obj
 .rodata.__bi_75
                0x10004ec8        0xc CMakeFiles/_20v_BUCK_CONVERTER.dir/C_/VSARM/sdk/pico/pico-sdk/src/rp2_common/pico_standard_link/binary_info.c.obj
 .rodata.__bi_44
                0x10004ed4        0xc CMakeFiles/_20v_BUCK_CONVERTER.dir/C_/VSARM/sdk/pico/pico-sdk/src/rp2_common/pico_standard_link/binary_info.c.obj
 .rodata.crlf_str.3
                0x10004ee0        0x2 CMakeFiles/_20v_BUCK_CONVERTER.dir/C_/VSARM/sdk/pico/pico-sdk/src/rp2_common/pico_stdio/stdio.c.obj
 *fill*         0x10004ee2        0x2 
 .rodata.str1.4
                0x10004ee4      0x15a CMakeFiles/_20v_BUCK_CONVERTER.dir/C_/VSARM/sdk/pico/pico-sdk/src/rp2_common/hardware_flash/flash.c.obj
 *fill*         0x1000503e        0x2 
 .rodata.__func__.0
                0x10005040        0xd CMakeFiles/_20v_BUCK_CONVERTER.dir/C_/VSARM/sdk/pico/pico-sdk/src/rp2_common/hardware_flash/flash.c.obj
                0x10005050                        . = ALIGN (0x4)
 *fill*         0x1000504d        0x3 
 *(SORT_BY_ALIGNMENT(SORT_BY_NAME(.flashdata*)))
                0x10005050                        . = ALIGN (0x4)

.rel.dyn        0x10005050        0x0
 .rel.iplt      0x10005050        0x0 c:/vsarm/armcc/12.2 mpacbti-bet1/bin/../lib/gcc/arm-none-eabi/12.2.0/thumb/v6-m/nofp/crtbegin.o

.ARM.extab
 *(.ARM.extab* .gnu.linkonce.armextab.*)
                0x10005050                        __exidx_start = .

.ARM.exidx
 *(.ARM.exidx* .gnu.linkonce.armexidx.*)
                0x10005050                        __exidx_end = .
                0x10005050                        . = ALIGN (0x4)
                0x10005050                        __binary_info_start = .

.binary_info    0x10005050       0x1c
 *(.binary_info.keep.*)
 .binary_info.keep.__bi_ptr81
                0x10005050        0x4 CMakeFiles/_20v_BUCK_CONVERTER.dir/C_/VSARM/sdk/pico/pico-sdk/src/rp2_common/pico_standard_link/binary_info.c.obj
 .binary_info.keep.__bi_ptr75
                0x10005054        0x4 CMakeFiles/_20v_BUCK_CONVERTER.dir/C_/VSARM/sdk/pico/pico-sdk/src/rp2_common/pico_standard_link/binary_info.c.obj
 .binary_info.keep.__bi_ptr50
                0x10005058        0x4 CMakeFiles/_20v_BUCK_CONVERTER.dir/C_/VSARM/sdk/pico/pico-sdk/src/rp2_common/pico_standard_link/binary_info.c.obj
 .binary_info.keep.__bi_ptr44
                0x1000505c        0x4 CMakeFiles/_20v_BUCK_CONVERTER.dir/C_/VSARM/sdk/pico/pico-sdk/src/rp2_common/pico_standard_link/binary_info.c.obj
 .binary_info.keep.__bi_ptr38
                0x10005060        0x4 CMakeFiles/_20v_BUCK_CONVERTER.dir/C_/VSARM/sdk/pico/pico-sdk/src/rp2_common/pico_standard_link/binary_info.c.obj
 .binary_info.keep.__bi_ptr30
                0x10005064        0x4 CMakeFiles/_20v_BUCK_CONVERTER.dir/C_/VSARM/sdk/pico/pico-sdk/src/rp2_common/pico_standard_link/binary_info.c.obj
 .binary_info.keep.__bi_ptr22
                0x10005068        0x4 CMakeFiles/_20v_BUCK_CONVERTER.dir/C_/VSARM/sdk/pico/pico-sdk/src/rp2_common/pico_standard_link/binary_info.c.obj
 *(.binary_info.*)
                0x1000506c                        __binary_info_end = .
                0x1000506c                        . = ALIGN (0x4)
                0x1000506c                        __etext = .

.ram_vector_table
                0x20000000       0xc0
 *(.ram_vector_table)
 .ram_vector_table
                0x20000000       0xc0 CMakeFiles/_20v_BUCK_CONVERTER.dir/C_/VSARM/sdk/pico/pico-sdk/src/rp2_common/pico_runtime/runtime.c.obj
                0x20000000                ram_vector_table

.data           0x200000c0      0x2f0 load address 0x1000506c
                0x200000c0                        __data_start__ = .
 *(vtable)
 *(.time_critical*)
 .time_critical.mutex_enter_blocking
                0x200000c0       0x48 CMakeFiles/_20v_BUCK_CONVERTER.dir/C_/VSARM/sdk/pico/pico-sdk/src/common/pico_sync/mutex.c.obj
                0x200000c0                mutex_enter_blocking
 .time_critical.mutex_try_enter
                0x20000108       0x46 CMakeFiles/_20v_BUCK_CONVERTER.dir/C_/VSARM/sdk/pico/pico-sdk/src/common/pico_sync/mutex.c.obj
                0x20000108                mutex_try_enter
 *fill*         0x2000014e        0x2 
 .time_critical.mutex_exit
                0x20000150       0x4c CMakeFiles/_20v_BUCK_CONVERTER.dir/C_/VSARM/sdk/pico/pico-sdk/src/common/pico_sync/mutex.c.obj
                0x20000150                mutex_exit
 .time_critical.flash_init_boot2_copyout
                0x2000019c       0x30 CMakeFiles/_20v_BUCK_CONVERTER.dir/C_/VSARM/sdk/pico/pico-sdk/src/rp2_common/hardware_flash/flash.c.obj
 .time_critical.flash_enable_xip_via_boot2
                0x200001cc        0xc CMakeFiles/_20v_BUCK_CONVERTER.dir/C_/VSARM/sdk/pico/pico-sdk/src/rp2_common/hardware_flash/flash.c.obj
 .time_critical.flash_cs_force
                0x200001d8       0x28 CMakeFiles/_20v_BUCK_CONVERTER.dir/C_/VSARM/sdk/pico/pico-sdk/src/rp2_common/hardware_flash/flash.c.obj
 .time_critical.flash_do_cmd
                0x20000200       0xd8 CMakeFiles/_20v_BUCK_CONVERTER.dir/C_/VSARM/sdk/pico/pico-sdk/src/rp2_common/hardware_flash/flash.c.obj
                0x20000200                flash_do_cmd
 *(.text*)
 .text          0x200002d8        0x4 c:/vsarm/armcc/12.2 mpacbti-bet1/bin/../lib/gcc/arm-none-eabi/12.2.0/thumb/v6-m/nofp\libgcc.a(_dvmd_tls.o)
                0x200002d8                __aeabi_idiv0
                0x200002d8                __aeabi_ldiv0
 *fill*         0x200002dc        0x4 
 .text.__stub   0x200002e0       0x10 linker stubs
                0x200002f0                        . = ALIGN (0x4)
 *(.rodata*)
                0x200002f0                        . = ALIGN (0x4)
 *(.data*)
 .data.striped_spin_lock_num
                0x200002f0        0x1 CMakeFiles/_20v_BUCK_CONVERTER.dir/C_/VSARM/sdk/pico/pico-sdk/src/rp2_common/hardware_sync/sync.c.obj
 *fill*         0x200002f1        0x3 
 .data          0x200002f4       0x48 CMakeFiles/_20v_BUCK_CONVERTER.dir/C_/VSARM/sdk/pico/pico-sdk/src/rp2_common/hardware_irq/irq_handler_chain.S.obj
                0x200002f4                irq_handler_chain_slots
                0x20000324                irq_handler_chain_first_slot
                0x2000032e                irq_handler_chain_remove_tail
 .data.default_alarm_pool
                0x2000033c       0x18 CMakeFiles/_20v_BUCK_CONVERTER.dir/C_/VSARM/sdk/pico/pico-sdk/src/common/pico_time/time.c.obj
 .data.default_alarm_pool_heap
                0x20000354       0x10 CMakeFiles/_20v_BUCK_CONVERTER.dir/C_/VSARM/sdk/pico/pico-sdk/src/common/pico_time/time.c.obj
 *fill*         0x20000364        0xc 
 .data.aeabi_bits_funcs
                0x20000370       0x10 CMakeFiles/_20v_BUCK_CONVERTER.dir/C_/VSARM/sdk/pico/pico-sdk/src/rp2_common/pico_bit_ops/bit_ops_aeabi.S.obj
                0x20000370                aeabi_bits_funcs
                0x20000380                aeabi_bits_funcs_end
 .data.aeabi_mem_funcs
                0x20000380       0x10 CMakeFiles/_20v_BUCK_CONVERTER.dir/C_/VSARM/sdk/pico/pico-sdk/src/rp2_common/pico_mem_ops/mem_ops_aeabi.S.obj
                0x20000380                aeabi_mem_funcs
                0x20000390                aeabi_mem_funcs_end
                0x20000390                        . = ALIGN (0x4)
 *(.after_data.*)
                0x20000390                        . = ALIGN (0x4)
                0x20000390                        PROVIDE (__mutex_array_start = .)
 *(SORT_BY_NAME(.mutex_array.*))
 *(.mutex_array)
 .mutex_array   0x20000390        0x8 CMakeFiles/_20v_BUCK_CONVERTER.dir/C_/VSARM/sdk/pico/pico-sdk/src/rp2_common/pico_stdio/stdio.c.obj
                0x20000398                        PROVIDE (__mutex_array_end = .)
                0x20000398                        . = ALIGN (0x4)
                0x20000398                        PROVIDE (__preinit_array_start = .)
 *(SORT_BY_NAME(.preinit_array.*))
 .preinit_array.00001
                0x20000398        0x4 CMakeFiles/_20v_BUCK_CONVERTER.dir/C_/VSARM/sdk/pico/pico-sdk/src/rp2_common/pico_mem_ops/mem_ops_aeabi.S.obj
 .preinit_array.00010
                0x2000039c        0x4 CMakeFiles/_20v_BUCK_CONVERTER.dir/C_/VSARM/sdk/pico/pico-sdk/src/rp2_common/pico_bit_ops/bit_ops_aeabi.S.obj
 .preinit_array.00020
                0x200003a0        0x4 CMakeFiles/_20v_BUCK_CONVERTER.dir/C_/VSARM/sdk/pico/pico-sdk/src/rp2_common/pico_double/double_aeabi.S.obj
 .preinit_array.00020
                0x200003a4        0x4 CMakeFiles/_20v_BUCK_CONVERTER.dir/C_/VSARM/sdk/pico/pico-sdk/src/rp2_common/pico_float/float_aeabi.S.obj
 *(.preinit_array)
                0x200003a8                        PROVIDE (__preinit_array_end = .)
                0x200003a8                        . = ALIGN (0x4)
                0x200003a8                        PROVIDE (__init_array_start = .)
 *(SORT_BY_NAME(.init_array.*))
 *(.init_array)
 .init_array    0x200003a8        0x4 c:/vsarm/armcc/12.2 mpacbti-bet1/bin/../lib/gcc/arm-none-eabi/12.2.0/thumb/v6-m/nofp/crtbegin.o
 .init_array    0x200003ac        0x4 CMakeFiles/_20v_BUCK_CONVERTER.dir/C_/VSARM/sdk/pico/pico-sdk/src/rp2_common/pico_unique_id/unique_id.c.obj
                0x200003b0                        PROVIDE (__init_array_end = .)
                0x200003b0                        . = ALIGN (0x4)
                [!provide]                        PROVIDE (__fini_array_start = .)
 *(SORT_BY_NAME(.fini_array.*))
 *(.fini_array)
                [!provide]                        PROVIDE (__fini_array_end = .)
 *(.jcr)
                0x200003b0                        . = ALIGN (0x4)
                0x200003b0                        __data_end__ = .

.tm_clone_table
                0x200003b0        0x0 load address 0x1000535c
 .tm_clone_table
                0x200003b0        0x0 c:/vsarm/armcc/12.2 mpacbti-bet1/bin/../lib/gcc/arm-none-eabi/12.2.0/thumb/v6-m/nofp/crtbegin.o
 .tm_clone_table
                0x200003b0        0x0 c:/vsarm/armcc/12.2 mpacbti-bet1/bin/../lib/gcc/arm-none-eabi/12.2.0/thumb/v6-m/nofp/crtend.o

.igot.plt       0x200003b0        0x0 load address 0x1000535c
 .igot.plt      0x200003b0        0x0 c:/vsarm/armcc/12.2 mpacbti-bet1/bin/../lib/gcc/arm-none-eabi/12.2.0/thumb/v6-m/nofp/crtbegin.o

.uninitialized_data
                0x200003b0        0x0 load address 0x1000535c
                0x200003b0                        . = ALIGN (0x4)
 *(.uninitialized_data*)

.scratch_x      0x20040000        0x0 load address 0x1000535c
                0x20040000                        __scratch_x_start__ = .
 *(.scratch_x.*)
                0x20040000                        . = ALIGN (0x4)
                0x20040000                        __scratch_x_end__ = .
                0x1000535c                        __scratch_x_source__ = LOADADDR (.scratch_x)

.scratch_y      0x20041000        0x0 load address 0x1000535c
                0x20041000                        __scratch_y_start__ = .
 *(.scratch_y.*)
                0x20041000                        . = ALIGN (0x4)
                0x20041000                        __scratch_y_end__ = .
                0x1000535c                        __scratch_y_source__ = LOADADDR (.scratch_y)

.bss            0x200003b0      0x4fc
                0x200003b0                        . = ALIGN (0x4)
                0x200003b0                        __bss_start__ = .
 *(SORT_BY_ALIGNMENT(SORT_BY_NAME(.bss*)))
 .bss.default_alarm_pool_entries
                0x200003b0      0x100 CMakeFiles/_20v_BUCK_CONVERTER.dir/C_/VSARM/sdk/pico/pico-sdk/src/common/pico_time/time.c.obj
 .bss.alarm_callbacks
                0x200004b0       0x10 CMakeFiles/_20v_BUCK_CONVERTER.dir/C_/VSARM/sdk/pico/pico-sdk/src/rp2_common/hardware_timer/timer.c.obj
 .bss.amp_array
                0x200004c0       0x28 CMakeFiles/_20v_BUCK_CONVERTER.dir/_20v_Buck_Converter.c.obj
                0x200004c0                amp_array
 .bss.boot2_copyout
                0x200004e8      0x100 CMakeFiles/_20v_BUCK_CONVERTER.dir/C_/VSARM/sdk/pico/pico-sdk/src/rp2_common/hardware_flash/flash.c.obj
 .bss.configured_freq
                0x200005e8       0x28 CMakeFiles/_20v_BUCK_CONVERTER.dir/C_/VSARM/sdk/pico/pico-sdk/src/rp2_common/hardware_clocks/clocks.c.obj
 .bss.default_alarm_pool_entry_ids_high
                0x20000610       0x10 CMakeFiles/_20v_BUCK_CONVERTER.dir/C_/VSARM/sdk/pico/pico-sdk/src/common/pico_time/time.c.obj
 .bss.default_alarm_pool_heap_nodes
                0x20000620       0x30 CMakeFiles/_20v_BUCK_CONVERTER.dir/C_/VSARM/sdk/pico/pico-sdk/src/common/pico_time/time.c.obj
 .bss.drivers   0x20000650        0x4 CMakeFiles/_20v_BUCK_CONVERTER.dir/C_/VSARM/sdk/pico/pico-sdk/src/rp2_common/pico_stdio/stdio.c.obj
 .bss.filter    0x20000654        0x4 CMakeFiles/_20v_BUCK_CONVERTER.dir/C_/VSARM/sdk/pico/pico-sdk/src/rp2_common/pico_stdio/stdio.c.obj
 .bss.object.0  0x20000658       0x18 c:/vsarm/armcc/12.2 mpacbti-bet1/bin/../lib/gcc/arm-none-eabi/12.2.0/thumb/v6-m/nofp/crtbegin.o
 .bss.pools     0x20000670       0x10 CMakeFiles/_20v_BUCK_CONVERTER.dir/C_/VSARM/sdk/pico/pico-sdk/src/common/pico_time/time.c.obj
 .bss.power     0x20000680        0x4 CMakeFiles/_20v_BUCK_CONVERTER.dir/_20v_Buck_Converter.c.obj
                0x20000680                power
 .bss.retrieved_id
                0x20000684        0x8 CMakeFiles/_20v_BUCK_CONVERTER.dir/C_/VSARM/sdk/pico/pico-sdk/src/rp2_common/pico_unique_id/unique_id.c.obj
 .bss.sd_table  0x2000068c      0x100 CMakeFiles/_20v_BUCK_CONVERTER.dir/C_/VSARM/sdk/pico/pico-sdk/src/rp2_common/pico_double/double_init_rom.c.obj
                0x2000068c                sd_table
 .bss.sf_clz_func
                0x2000078c        0x4 CMakeFiles/_20v_BUCK_CONVERTER.dir/C_/VSARM/sdk/pico/pico-sdk/src/rp2_common/pico_double/double_init_rom.c.obj
                0x2000078c                sf_clz_func
 .bss.sf_table  0x20000790      0x100 CMakeFiles/_20v_BUCK_CONVERTER.dir/C_/VSARM/sdk/pico/pico-sdk/src/rp2_common/pico_float/float_init_rom.c.obj
                0x20000790                sf_table
 .bss.sleep_notifier
                0x20000890        0x4 CMakeFiles/_20v_BUCK_CONVERTER.dir/C_/VSARM/sdk/pico/pico-sdk/src/common/pico_time/time.c.obj
 .bss.target_hi
                0x20000894       0x10 CMakeFiles/_20v_BUCK_CONVERTER.dir/C_/VSARM/sdk/pico/pico-sdk/src/rp2_common/hardware_timer/timer.c.obj
 .bss.voltage_difference
                0x200008a4        0x4 CMakeFiles/_20v_BUCK_CONVERTER.dir/_20v_Buck_Converter.c.obj
                0x200008a4                voltage_difference
 .bss.boot2_copyout_valid
                0x200008a8        0x1 CMakeFiles/_20v_BUCK_CONVERTER.dir/C_/VSARM/sdk/pico/pico-sdk/src/rp2_common/hardware_flash/flash.c.obj
 .bss.claimed   0x200008a9        0x1 CMakeFiles/_20v_BUCK_CONVERTER.dir/C_/VSARM/sdk/pico/pico-sdk/src/rp2_common/hardware_timer/timer.c.obj
 .bss.irq_hander_chain_free_slot_head
                0x200008aa        0x1 CMakeFiles/_20v_BUCK_CONVERTER.dir/C_/VSARM/sdk/pico/pico-sdk/src/rp2_common/hardware_irq/irq.c.obj
 .bss.timer_callbacks_pending
                0x200008ab        0x1 CMakeFiles/_20v_BUCK_CONVERTER.dir/C_/VSARM/sdk/pico/pico-sdk/src/rp2_common/hardware_timer/timer.c.obj
 *(COMMON)
                0x200008ac                        . = ALIGN (0x4)
                0x200008ac                        __bss_end__ = .

.heap           0x200008ac      0x800
                0x200008ac                        __end__ = .
                0x200008ac                        end = __end__
 *(.heap*)
 .heap          0x200008ac      0x800 CMakeFiles/_20v_BUCK_CONVERTER.dir/C_/VSARM/sdk/pico/pico-sdk/src/rp2_common/pico_standard_link/crt0.S.obj
                0x200010ac                        __HeapLimit = .

.stack1_dummy
 *(.stack1*)

.stack_dummy    0x20041000      0x800
 *(.stack*)
 .stack         0x20041000      0x800 CMakeFiles/_20v_BUCK_CONVERTER.dir/C_/VSARM/sdk/pico/pico-sdk/src/rp2_common/pico_standard_link/crt0.S.obj

.flash_end      0x1000535c        0x0
                0x1000535c                        __flash_binary_end = .
                0x20040000                        __StackLimit = (ORIGIN (RAM) + LENGTH (RAM))
                0x20041000                        __StackOneTop = (ORIGIN (SCRATCH_X) + LENGTH (SCRATCH_X))
                0x20042000                        __StackTop = (ORIGIN (SCRATCH_Y) + LENGTH (SCRATCH_Y))
                0x20041000                        __StackOneBottom = (__StackOneTop - SIZEOF (.stack1_dummy))
                0x20041800                        __StackBottom = (__StackTop - SIZEOF (.stack_dummy))
                0x20042000                        PROVIDE (__stack = __StackTop)
                0x00000001                        ASSERT ((__StackLimit >= __HeapLimit), region RAM overflowed)
                0x00000001                        ASSERT (((__binary_info_header_end - __logical_binary_start) <= 0x100), Binary info must be in first 256 bytes of the binary)
LOAD CMakeFiles/_20v_BUCK_CONVERTER.dir/main.c.obj
LOAD CMakeFiles/_20v_BUCK_CONVERTER.dir/_20v_Buck_Converter.c.obj
LOAD CMakeFiles/_20v_BUCK_CONVERTER.dir/C_/VSARM/sdk/pico/pico-sdk/src/rp2_common/pico_stdlib/stdlib.c.obj
LOAD CMakeFiles/_20v_BUCK_CONVERTER.dir/C_/VSARM/sdk/pico/pico-sdk/src/rp2_common/hardware_gpio/gpio.c.obj
LOAD CMakeFiles/_20v_BUCK_CONVERTER.dir/C_/VSARM/sdk/pico/pico-sdk/src/rp2_common/hardware_claim/claim.c.obj
LOAD CMakeFiles/_20v_BUCK_CONVERTER.dir/C_/VSARM/sdk/pico/pico-sdk/src/rp2_common/pico_platform/platform.c.obj
LOAD CMakeFiles/_20v_BUCK_CONVERTER.dir/C_/VSARM/sdk/pico/pico-sdk/src/rp2_common/hardware_sync/sync.c.obj
LOAD CMakeFiles/_20v_BUCK_CONVERTER.dir/C_/VSARM/sdk/pico/pico-sdk/src/rp2_common/hardware_irq/irq.c.obj
LOAD CMakeFiles/_20v_BUCK_CONVERTER.dir/C_/VSARM/sdk/pico/pico-sdk/src/rp2_common/hardware_irq/irq_handler_chain.S.obj
LOAD CMakeFiles/_20v_BUCK_CONVERTER.dir/C_/VSARM/sdk/pico/pico-sdk/src/common/pico_sync/sem.c.obj
LOAD CMakeFiles/_20v_BUCK_CONVERTER.dir/C_/VSARM/sdk/pico/pico-sdk/src/common/pico_sync/lock_core.c.obj
LOAD CMakeFiles/_20v_BUCK_CONVERTER.dir/C_/VSARM/sdk/pico/pico-sdk/src/common/pico_time/time.c.obj
LOAD CMakeFiles/_20v_BUCK_CONVERTER.dir/C_/VSARM/sdk/pico/pico-sdk/src/common/pico_time/timeout_helper.c.obj
LOAD CMakeFiles/_20v_BUCK_CONVERTER.dir/C_/VSARM/sdk/pico/pico-sdk/src/rp2_common/hardware_timer/timer.c.obj
LOAD CMakeFiles/_20v_BUCK_CONVERTER.dir/C_/VSARM/sdk/pico/pico-sdk/src/common/pico_util/datetime.c.obj
LOAD CMakeFiles/_20v_BUCK_CONVERTER.dir/C_/VSARM/sdk/pico/pico-sdk/src/common/pico_util/pheap.c.obj
LOAD CMakeFiles/_20v_BUCK_CONVERTER.dir/C_/VSARM/sdk/pico/pico-sdk/src/common/pico_util/queue.c.obj
LOAD CMakeFiles/_20v_BUCK_CONVERTER.dir/C_/VSARM/sdk/pico/pico-sdk/src/common/pico_sync/mutex.c.obj
LOAD CMakeFiles/_20v_BUCK_CONVERTER.dir/C_/VSARM/sdk/pico/pico-sdk/src/common/pico_sync/critical_section.c.obj
LOAD CMakeFiles/_20v_BUCK_CONVERTER.dir/C_/VSARM/sdk/pico/pico-sdk/src/rp2_common/hardware_uart/uart.c.obj
LOAD CMakeFiles/_20v_BUCK_CONVERTER.dir/C_/VSARM/sdk/pico/pico-sdk/src/rp2_common/hardware_divider/divider.S.obj
LOAD CMakeFiles/_20v_BUCK_CONVERTER.dir/C_/VSARM/sdk/pico/pico-sdk/src/rp2_common/pico_runtime/runtime.c.obj
LOAD CMakeFiles/_20v_BUCK_CONVERTER.dir/C_/VSARM/sdk/pico/pico-sdk/src/rp2_common/hardware_clocks/clocks.c.obj
LOAD CMakeFiles/_20v_BUCK_CONVERTER.dir/C_/VSARM/sdk/pico/pico-sdk/src/rp2_common/hardware_pll/pll.c.obj
LOAD CMakeFiles/_20v_BUCK_CONVERTER.dir/C_/VSARM/sdk/pico/pico-sdk/src/rp2_common/hardware_vreg/vreg.c.obj
LOAD CMakeFiles/_20v_BUCK_CONVERTER.dir/C_/VSARM/sdk/pico/pico-sdk/src/rp2_common/hardware_watchdog/watchdog.c.obj
LOAD CMakeFiles/_20v_BUCK_CONVERTER.dir/C_/VSARM/sdk/pico/pico-sdk/src/rp2_common/hardware_xosc/xosc.c.obj
LOAD CMakeFiles/_20v_BUCK_CONVERTER.dir/C_/VSARM/sdk/pico/pico-sdk/src/rp2_common/pico_printf/printf.c.obj
LOAD CMakeFiles/_20v_BUCK_CONVERTER.dir/C_/VSARM/sdk/pico/pico-sdk/src/rp2_common/pico_bit_ops/bit_ops_aeabi.S.obj
LOAD CMakeFiles/_20v_BUCK_CONVERTER.dir/C_/VSARM/sdk/pico/pico-sdk/src/rp2_common/pico_bootrom/bootrom.c.obj
LOAD CMakeFiles/_20v_BUCK_CONVERTER.dir/C_/VSARM/sdk/pico/pico-sdk/src/rp2_common/pico_divider/divider.S.obj
LOAD CMakeFiles/_20v_BUCK_CONVERTER.dir/C_/VSARM/sdk/pico/pico-sdk/src/rp2_common/pico_double/double_aeabi.S.obj
LOAD CMakeFiles/_20v_BUCK_CONVERTER.dir/C_/VSARM/sdk/pico/pico-sdk/src/rp2_common/pico_double/double_init_rom.c.obj
LOAD CMakeFiles/_20v_BUCK_CONVERTER.dir/C_/VSARM/sdk/pico/pico-sdk/src/rp2_common/pico_double/double_math.c.obj
LOAD CMakeFiles/_20v_BUCK_CONVERTER.dir/C_/VSARM/sdk/pico/pico-sdk/src/rp2_common/pico_double/double_v1_rom_shim.S.obj
LOAD CMakeFiles/_20v_BUCK_CONVERTER.dir/C_/VSARM/sdk/pico/pico-sdk/src/rp2_common/pico_int64_ops/pico_int64_ops_aeabi.S.obj
LOAD CMakeFiles/_20v_BUCK_CONVERTER.dir/C_/VSARM/sdk/pico/pico-sdk/src/rp2_common/pico_float/float_aeabi.S.obj
LOAD CMakeFiles/_20v_BUCK_CONVERTER.dir/C_/VSARM/sdk/pico/pico-sdk/src/rp2_common/pico_float/float_init_rom.c.obj
LOAD CMakeFiles/_20v_BUCK_CONVERTER.dir/C_/VSARM/sdk/pico/pico-sdk/src/rp2_common/pico_float/float_math.c.obj
LOAD CMakeFiles/_20v_BUCK_CONVERTER.dir/C_/VSARM/sdk/pico/pico-sdk/src/rp2_common/pico_float/float_v1_rom_shim.S.obj
LOAD CMakeFiles/_20v_BUCK_CONVERTER.dir/C_/VSARM/sdk/pico/pico-sdk/src/rp2_common/pico_malloc/pico_malloc.c.obj
LOAD CMakeFiles/_20v_BUCK_CONVERTER.dir/C_/VSARM/sdk/pico/pico-sdk/src/rp2_common/pico_mem_ops/mem_ops_aeabi.S.obj
LOAD CMakeFiles/_20v_BUCK_CONVERTER.dir/C_/VSARM/sdk/pico/pico-sdk/src/rp2_common/pico_standard_link/crt0.S.obj
LOAD CMakeFiles/_20v_BUCK_CONVERTER.dir/C_/VSARM/sdk/pico/pico-sdk/src/rp2_common/pico_standard_link/new_delete.cpp.obj
LOAD CMakeFiles/_20v_BUCK_CONVERTER.dir/C_/VSARM/sdk/pico/pico-sdk/src/rp2_common/pico_standard_link/binary_info.c.obj
LOAD CMakeFiles/_20v_BUCK_CONVERTER.dir/C_/VSARM/sdk/pico/pico-sdk/src/rp2_common/pico_stdio/stdio.c.obj
LOAD CMakeFiles/_20v_BUCK_CONVERTER.dir/C_/VSARM/sdk/pico/pico-sdk/src/rp2_common/pico_stdio_usb/reset_interface.c.obj
LOAD CMakeFiles/_20v_BUCK_CONVERTER.dir/C_/VSARM/sdk/pico/pico-sdk/src/rp2_common/pico_stdio_usb/stdio_usb.c.obj
LOAD CMakeFiles/_20v_BUCK_CONVERTER.dir/C_/VSARM/sdk/pico/pico-sdk/src/rp2_common/pico_stdio_usb/stdio_usb_descriptors.c.obj
LOAD CMakeFiles/_20v_BUCK_CONVERTER.dir/C_/VSARM/sdk/pico/pico-sdk/lib/tinyusb/src/portable/raspberrypi/rp2040/dcd_rp2040.c.obj
LOAD CMakeFiles/_20v_BUCK_CONVERTER.dir/C_/VSARM/sdk/pico/pico-sdk/lib/tinyusb/src/portable/raspberrypi/rp2040/rp2040_usb.c.obj
LOAD CMakeFiles/_20v_BUCK_CONVERTER.dir/C_/VSARM/sdk/pico/pico-sdk/lib/tinyusb/src/device/usbd.c.obj
LOAD CMakeFiles/_20v_BUCK_CONVERTER.dir/C_/VSARM/sdk/pico/pico-sdk/lib/tinyusb/src/device/usbd_control.c.obj
LOAD CMakeFiles/_20v_BUCK_CONVERTER.dir/C_/VSARM/sdk/pico/pico-sdk/lib/tinyusb/src/class/audio/audio_device.c.obj
LOAD CMakeFiles/_20v_BUCK_CONVERTER.dir/C_/VSARM/sdk/pico/pico-sdk/lib/tinyusb/src/class/cdc/cdc_device.c.obj
LOAD CMakeFiles/_20v_BUCK_CONVERTER.dir/C_/VSARM/sdk/pico/pico-sdk/lib/tinyusb/src/class/dfu/dfu_device.c.obj
LOAD CMakeFiles/_20v_BUCK_CONVERTER.dir/C_/VSARM/sdk/pico/pico-sdk/lib/tinyusb/src/class/dfu/dfu_rt_device.c.obj
LOAD CMakeFiles/_20v_BUCK_CONVERTER.dir/C_/VSARM/sdk/pico/pico-sdk/lib/tinyusb/src/class/hid/hid_device.c.obj
LOAD CMakeFiles/_20v_BUCK_CONVERTER.dir/C_/VSARM/sdk/pico/pico-sdk/lib/tinyusb/src/class/midi/midi_device.c.obj
LOAD CMakeFiles/_20v_BUCK_CONVERTER.dir/C_/VSARM/sdk/pico/pico-sdk/lib/tinyusb/src/class/msc/msc_device.c.obj
LOAD CMakeFiles/_20v_BUCK_CONVERTER.dir/C_/VSARM/sdk/pico/pico-sdk/lib/tinyusb/src/class/net/ecm_rndis_device.c.obj
LOAD CMakeFiles/_20v_BUCK_CONVERTER.dir/C_/VSARM/sdk/pico/pico-sdk/lib/tinyusb/src/class/net/ncm_device.c.obj
LOAD CMakeFiles/_20v_BUCK_CONVERTER.dir/C_/VSARM/sdk/pico/pico-sdk/lib/tinyusb/src/class/usbtmc/usbtmc_device.c.obj
LOAD CMakeFiles/_20v_BUCK_CONVERTER.dir/C_/VSARM/sdk/pico/pico-sdk/lib/tinyusb/src/class/vendor/vendor_device.c.obj
LOAD CMakeFiles/_20v_BUCK_CONVERTER.dir/C_/VSARM/sdk/pico/pico-sdk/lib/tinyusb/src/class/video/video_device.c.obj
LOAD CMakeFiles/_20v_BUCK_CONVERTER.dir/C_/VSARM/sdk/pico/pico-sdk/lib/tinyusb/src/tusb.c.obj
LOAD CMakeFiles/_20v_BUCK_CONVERTER.dir/C_/VSARM/sdk/pico/pico-sdk/lib/tinyusb/src/common/tusb_fifo.c.obj
LOAD CMakeFiles/_20v_BUCK_CONVERTER.dir/C_/VSARM/sdk/pico/pico-sdk/src/rp2_common/pico_fix/rp2040_usb_device_enumeration/rp2040_usb_device_enumeration.c.obj
LOAD CMakeFiles/_20v_BUCK_CONVERTER.dir/C_/VSARM/sdk/pico/pico-sdk/src/rp2_common/pico_unique_id/unique_id.c.obj
LOAD CMakeFiles/_20v_BUCK_CONVERTER.dir/C_/VSARM/sdk/pico/pico-sdk/src/rp2_common/hardware_flash/flash.c.obj
LOAD C:\Users\elect\AppData\Local\Temp\ccscvhiE.o
LOAD c:/vsarm/armcc/12.2 mpacbti-bet1/bin/../lib/gcc/arm-none-eabi/12.2.0/thumb/v6-m/nofp\libstdc++.a
LOAD c:/vsarm/armcc/12.2 mpacbti-bet1/bin/../lib/gcc/arm-none-eabi/12.2.0/thumb/v6-m/nofp\libm.a
START GROUP
LOAD c:/vsarm/armcc/12.2 mpacbti-bet1/bin/../lib/gcc/arm-none-eabi/12.2.0/thumb/v6-m/nofp\libgcc.a
LOAD c:/vsarm/armcc/12.2 mpacbti-bet1/bin/../lib/gcc/arm-none-eabi/12.2.0/thumb/v6-m/nofp\libg.a
LOAD c:/vsarm/armcc/12.2 mpacbti-bet1/bin/../lib/gcc/arm-none-eabi/12.2.0/thumb/v6-m/nofp\libc.a
END GROUP
START GROUP
LOAD c:/vsarm/armcc/12.2 mpacbti-bet1/bin/../lib/gcc/arm-none-eabi/12.2.0/thumb/v6-m/nofp\libgcc.a
LOAD c:/vsarm/armcc/12.2 mpacbti-bet1/bin/../lib/gcc/arm-none-eabi/12.2.0/thumb/v6-m/nofp\libc.a
LOAD c:/vsarm/armcc/12.2 mpacbti-bet1/bin/../lib/gcc/arm-none-eabi/12.2.0/thumb/v6-m/nofp\libnosys.a
END GROUP
LOAD c:/vsarm/armcc/12.2 mpacbti-bet1/bin/../lib/gcc/arm-none-eabi/12.2.0/thumb/v6-m/nofp/crtend.o
LOAD c:/vsarm/armcc/12.2 mpacbti-bet1/bin/../lib/gcc/arm-none-eabi/12.2.0/thumb/v6-m/nofp/crtn.o
OUTPUT(_20v_BUCK_CONVERTER.elf elf32-littlearm)
LOAD linker stubs

.ARM.attributes
                0x00000000       0x28
 .ARM.attributes
                0x00000000       0x1e c:/vsarm/armcc/12.2 mpacbti-bet1/bin/../lib/gcc/arm-none-eabi/12.2.0/thumb/v6-m/nofp/crti.o
 .ARM.attributes
                0x0000001e       0x2c c:/vsarm/armcc/12.2 mpacbti-bet1/bin/../lib/gcc/arm-none-eabi/12.2.0/thumb/v6-m/nofp/crtbegin.o
 .ARM.attributes
                0x0000004a       0x2c CMakeFiles/_20v_BUCK_CONVERTER.dir/main.c.obj
 .ARM.attributes
                0x00000076       0x2c CMakeFiles/_20v_BUCK_CONVERTER.dir/_20v_Buck_Converter.c.obj
 .ARM.attributes
                0x000000a2       0x2c CMakeFiles/_20v_BUCK_CONVERTER.dir/C_/VSARM/sdk/pico/pico-sdk/src/rp2_common/hardware_claim/claim.c.obj
 .ARM.attributes
                0x000000ce       0x2c CMakeFiles/_20v_BUCK_CONVERTER.dir/C_/VSARM/sdk/pico/pico-sdk/src/rp2_common/pico_platform/platform.c.obj
 .ARM.attributes
                0x000000fa       0x2c CMakeFiles/_20v_BUCK_CONVERTER.dir/C_/VSARM/sdk/pico/pico-sdk/src/rp2_common/hardware_sync/sync.c.obj
 .ARM.attributes
                0x00000126       0x2c CMakeFiles/_20v_BUCK_CONVERTER.dir/C_/VSARM/sdk/pico/pico-sdk/src/rp2_common/hardware_irq/irq.c.obj
 .ARM.attributes
                0x00000152       0x22 CMakeFiles/_20v_BUCK_CONVERTER.dir/C_/VSARM/sdk/pico/pico-sdk/src/rp2_common/hardware_irq/irq_handler_chain.S.obj
 .ARM.attributes
                0x00000174       0x2c CMakeFiles/_20v_BUCK_CONVERTER.dir/C_/VSARM/sdk/pico/pico-sdk/src/common/pico_sync/lock_core.c.obj
 .ARM.attributes
                0x000001a0       0x2c CMakeFiles/_20v_BUCK_CONVERTER.dir/C_/VSARM/sdk/pico/pico-sdk/src/common/pico_time/time.c.obj
 .ARM.attributes
                0x000001cc       0x2c CMakeFiles/_20v_BUCK_CONVERTER.dir/C_/VSARM/sdk/pico/pico-sdk/src/rp2_common/hardware_timer/timer.c.obj
 .ARM.attributes
                0x000001f8       0x2c CMakeFiles/_20v_BUCK_CONVERTER.dir/C_/VSARM/sdk/pico/pico-sdk/src/common/pico_util/pheap.c.obj
 .ARM.attributes
                0x00000224       0x2c CMakeFiles/_20v_BUCK_CONVERTER.dir/C_/VSARM/sdk/pico/pico-sdk/src/common/pico_sync/mutex.c.obj
 .ARM.attributes
                0x00000250       0x2c CMakeFiles/_20v_BUCK_CONVERTER.dir/C_/VSARM/sdk/pico/pico-sdk/src/rp2_common/pico_runtime/runtime.c.obj
 .ARM.attributes
                0x0000027c       0x2c CMakeFiles/_20v_BUCK_CONVERTER.dir/C_/VSARM/sdk/pico/pico-sdk/src/rp2_common/hardware_clocks/clocks.c.obj
 .ARM.attributes
                0x000002a8       0x2c CMakeFiles/_20v_BUCK_CONVERTER.dir/C_/VSARM/sdk/pico/pico-sdk/src/rp2_common/hardware_pll/pll.c.obj
 .ARM.attributes
                0x000002d4       0x2c CMakeFiles/_20v_BUCK_CONVERTER.dir/C_/VSARM/sdk/pico/pico-sdk/src/rp2_common/hardware_watchdog/watchdog.c.obj
 .ARM.attributes
                0x00000300       0x2c CMakeFiles/_20v_BUCK_CONVERTER.dir/C_/VSARM/sdk/pico/pico-sdk/src/rp2_common/hardware_xosc/xosc.c.obj
 .ARM.attributes
                0x0000032c       0x2c CMakeFiles/_20v_BUCK_CONVERTER.dir/C_/VSARM/sdk/pico/pico-sdk/src/rp2_common/pico_printf/printf.c.obj
 .ARM.attributes
                0x00000358       0x22 CMakeFiles/_20v_BUCK_CONVERTER.dir/C_/VSARM/sdk/pico/pico-sdk/src/rp2_common/pico_bit_ops/bit_ops_aeabi.S.obj
 .ARM.attributes
                0x0000037a       0x2c CMakeFiles/_20v_BUCK_CONVERTER.dir/C_/VSARM/sdk/pico/pico-sdk/src/rp2_common/pico_bootrom/bootrom.c.obj
 .ARM.attributes
                0x000003a6       0x22 CMakeFiles/_20v_BUCK_CONVERTER.dir/C_/VSARM/sdk/pico/pico-sdk/src/rp2_common/pico_divider/divider.S.obj
 .ARM.attributes
                0x000003c8       0x22 CMakeFiles/_20v_BUCK_CONVERTER.dir/C_/VSARM/sdk/pico/pico-sdk/src/rp2_common/pico_double/double_aeabi.S.obj
 .ARM.attributes
                0x000003ea       0x2c CMakeFiles/_20v_BUCK_CONVERTER.dir/C_/VSARM/sdk/pico/pico-sdk/src/rp2_common/pico_double/double_init_rom.c.obj
 .ARM.attributes
                0x00000416       0x22 CMakeFiles/_20v_BUCK_CONVERTER.dir/C_/VSARM/sdk/pico/pico-sdk/src/rp2_common/pico_double/double_v1_rom_shim.S.obj
 .ARM.attributes
                0x00000438       0x22 CMakeFiles/_20v_BUCK_CONVERTER.dir/C_/VSARM/sdk/pico/pico-sdk/src/rp2_common/pico_int64_ops/pico_int64_ops_aeabi.S.obj
 .ARM.attributes
                0x0000045a       0x22 CMakeFiles/_20v_BUCK_CONVERTER.dir/C_/VSARM/sdk/pico/pico-sdk/src/rp2_common/pico_float/float_aeabi.S.obj
 .ARM.attributes
                0x0000047c       0x2c CMakeFiles/_20v_BUCK_CONVERTER.dir/C_/VSARM/sdk/pico/pico-sdk/src/rp2_common/pico_float/float_init_rom.c.obj
 .ARM.attributes
                0x000004a8       0x22 CMakeFiles/_20v_BUCK_CONVERTER.dir/C_/VSARM/sdk/pico/pico-sdk/src/rp2_common/pico_float/float_v1_rom_shim.S.obj
 .ARM.attributes
                0x000004ca       0x22 CMakeFiles/_20v_BUCK_CONVERTER.dir/C_/VSARM/sdk/pico/pico-sdk/src/rp2_common/pico_mem_ops/mem_ops_aeabi.S.obj
 .ARM.attributes
                0x000004ec       0x22 CMakeFiles/_20v_BUCK_CONVERTER.dir/C_/VSARM/sdk/pico/pico-sdk/src/rp2_common/pico_standard_link/crt0.S.obj
 .ARM.attributes
                0x0000050e       0x2c CMakeFiles/_20v_BUCK_CONVERTER.dir/C_/VSARM/sdk/pico/pico-sdk/src/rp2_common/pico_standard_link/binary_info.c.obj
 .ARM.attributes
                0x0000053a       0x2c CMakeFiles/_20v_BUCK_CONVERTER.dir/C_/VSARM/sdk/pico/pico-sdk/src/rp2_common/pico_stdio/stdio.c.obj
 .ARM.attributes
                0x00000566       0x2c CMakeFiles/_20v_BUCK_CONVERTER.dir/C_/VSARM/sdk/pico/pico-sdk/src/rp2_common/pico_unique_id/unique_id.c.obj
 .ARM.attributes
                0x00000592       0x2c CMakeFiles/_20v_BUCK_CONVERTER.dir/C_/VSARM/sdk/pico/pico-sdk/src/rp2_common/hardware_flash/flash.c.obj
 .ARM.attributes
                0x000005be       0x22 C:\Users\elect\AppData\Local\Temp\ccscvhiE.o
 .ARM.attributes
                0x000005e0       0x1e c:/vsarm/armcc/12.2 mpacbti-bet1/bin/../lib/gcc/arm-none-eabi/12.2.0/thumb/v6-m/nofp\libgcc.a(_dvmd_tls.o)
 .ARM.attributes
                0x000005fe       0x2c c:/vsarm/armcc/12.2 mpacbti-bet1/bin/../lib/gcc/arm-none-eabi/12.2.0/thumb/v6-m/nofp\libg.a(libc_a-strlen-stub.o)
 .ARM.attributes
                0x0000062a       0x2c c:/vsarm/armcc/12.2 mpacbti-bet1/bin/../lib/gcc/arm-none-eabi/12.2.0/thumb/v6-m/nofp/crtend.o

.comment        0x00000000       0x4c
 .comment       0x00000000       0x4c c:/vsarm/armcc/12.2 mpacbti-bet1/bin/../lib/gcc/arm-none-eabi/12.2.0/thumb/v6-m/nofp/crtbegin.o
                                 0x4d (size before relaxing)
 .comment       0x0000004c       0x4d CMakeFiles/_20v_BUCK_CONVERTER.dir/main.c.obj
 .comment       0x0000004c       0x4d CMakeFiles/_20v_BUCK_CONVERTER.dir/_20v_Buck_Converter.c.obj
 .comment       0x0000004c       0x4d CMakeFiles/_20v_BUCK_CONVERTER.dir/C_/VSARM/sdk/pico/pico-sdk/src/rp2_common/hardware_claim/claim.c.obj
 .comment       0x0000004c       0x4d CMakeFiles/_20v_BUCK_CONVERTER.dir/C_/VSARM/sdk/pico/pico-sdk/src/rp2_common/pico_platform/platform.c.obj
 .comment       0x0000004c       0x4d CMakeFiles/_20v_BUCK_CONVERTER.dir/C_/VSARM/sdk/pico/pico-sdk/src/rp2_common/hardware_sync/sync.c.obj
 .comment       0x0000004c       0x4d CMakeFiles/_20v_BUCK_CONVERTER.dir/C_/VSARM/sdk/pico/pico-sdk/src/rp2_common/hardware_irq/irq.c.obj
 .comment       0x0000004c       0x4d CMakeFiles/_20v_BUCK_CONVERTER.dir/C_/VSARM/sdk/pico/pico-sdk/src/common/pico_sync/lock_core.c.obj
 .comment       0x0000004c       0x4d CMakeFiles/_20v_BUCK_CONVERTER.dir/C_/VSARM/sdk/pico/pico-sdk/src/common/pico_time/time.c.obj
 .comment       0x0000004c       0x4d CMakeFiles/_20v_BUCK_CONVERTER.dir/C_/VSARM/sdk/pico/pico-sdk/src/rp2_common/hardware_timer/timer.c.obj
 .comment       0x0000004c       0x4d CMakeFiles/_20v_BUCK_CONVERTER.dir/C_/VSARM/sdk/pico/pico-sdk/src/common/pico_util/pheap.c.obj
 .comment       0x0000004c       0x4d CMakeFiles/_20v_BUCK_CONVERTER.dir/C_/VSARM/sdk/pico/pico-sdk/src/common/pico_sync/mutex.c.obj
 .comment       0x0000004c       0x4d CMakeFiles/_20v_BUCK_CONVERTER.dir/C_/VSARM/sdk/pico/pico-sdk/src/rp2_common/pico_runtime/runtime.c.obj
 .comment       0x0000004c       0x4d CMakeFiles/_20v_BUCK_CONVERTER.dir/C_/VSARM/sdk/pico/pico-sdk/src/rp2_common/hardware_clocks/clocks.c.obj
 .comment       0x0000004c       0x4d CMakeFiles/_20v_BUCK_CONVERTER.dir/C_/VSARM/sdk/pico/pico-sdk/src/rp2_common/hardware_pll/pll.c.obj
 .comment       0x0000004c       0x4d CMakeFiles/_20v_BUCK_CONVERTER.dir/C_/VSARM/sdk/pico/pico-sdk/src/rp2_common/hardware_watchdog/watchdog.c.obj
 .comment       0x0000004c       0x4d CMakeFiles/_20v_BUCK_CONVERTER.dir/C_/VSARM/sdk/pico/pico-sdk/src/rp2_common/hardware_xosc/xosc.c.obj
 .comment       0x0000004c       0x4d CMakeFiles/_20v_BUCK_CONVERTER.dir/C_/VSARM/sdk/pico/pico-sdk/src/rp2_common/pico_printf/printf.c.obj
 .comment       0x0000004c       0x4d CMakeFiles/_20v_BUCK_CONVERTER.dir/C_/VSARM/sdk/pico/pico-sdk/src/rp2_common/pico_bootrom/bootrom.c.obj
 .comment       0x0000004c       0x4d CMakeFiles/_20v_BUCK_CONVERTER.dir/C_/VSARM/sdk/pico/pico-sdk/src/rp2_common/pico_double/double_init_rom.c.obj
 .comment       0x0000004c       0x4d CMakeFiles/_20v_BUCK_CONVERTER.dir/C_/VSARM/sdk/pico/pico-sdk/src/rp2_common/pico_float/float_init_rom.c.obj
 .comment       0x0000004c       0x4d CMakeFiles/_20v_BUCK_CONVERTER.dir/C_/VSARM/sdk/pico/pico-sdk/src/rp2_common/pico_standard_link/binary_info.c.obj
 .comment       0x0000004c       0x4d CMakeFiles/_20v_BUCK_CONVERTER.dir/C_/VSARM/sdk/pico/pico-sdk/src/rp2_common/pico_stdio/stdio.c.obj
 .comment       0x0000004c       0x4d CMakeFiles/_20v_BUCK_CONVERTER.dir/C_/VSARM/sdk/pico/pico-sdk/src/rp2_common/pico_unique_id/unique_id.c.obj
 .comment       0x0000004c       0x4d CMakeFiles/_20v_BUCK_CONVERTER.dir/C_/VSARM/sdk/pico/pico-sdk/src/rp2_common/hardware_flash/flash.c.obj
 .comment       0x0000004c       0x4d c:/vsarm/armcc/12.2 mpacbti-bet1/bin/../lib/gcc/arm-none-eabi/12.2.0/thumb/v6-m/nofp\libg.a(libc_a-strlen-stub.o)
 .comment       0x0000004c       0x4d c:/vsarm/armcc/12.2 mpacbti-bet1/bin/../lib/gcc/arm-none-eabi/12.2.0/thumb/v6-m/nofp/crtend.o

.debug_info     0x00000000    0x11264
 .debug_info    0x00000000      0x1b4 CMakeFiles/_20v_BUCK_CONVERTER.dir/main.c.obj
 .debug_info    0x000001b4      0x3d3 CMakeFiles/_20v_BUCK_CONVERTER.dir/_20v_Buck_Converter.c.obj
 .debug_info    0x00000587      0x69a CMakeFiles/_20v_BUCK_CONVERTER.dir/C_/VSARM/sdk/pico/pico-sdk/src/rp2_common/hardware_claim/claim.c.obj
 .debug_info    0x00000c21      0x1fb CMakeFiles/_20v_BUCK_CONVERTER.dir/C_/VSARM/sdk/pico/pico-sdk/src/rp2_common/pico_platform/platform.c.obj
 .debug_info    0x00000e1c      0x5db CMakeFiles/_20v_BUCK_CONVERTER.dir/C_/VSARM/sdk/pico/pico-sdk/src/rp2_common/hardware_sync/sync.c.obj
 .debug_info    0x000013f7     0x1bd4 CMakeFiles/_20v_BUCK_CONVERTER.dir/C_/VSARM/sdk/pico/pico-sdk/src/rp2_common/hardware_irq/irq.c.obj
 .debug_info    0x00002fcb      0x1a3 CMakeFiles/_20v_BUCK_CONVERTER.dir/C_/VSARM/sdk/pico/pico-sdk/src/common/pico_sync/lock_core.c.obj
 .debug_info    0x0000316e     0x2f53 CMakeFiles/_20v_BUCK_CONVERTER.dir/C_/VSARM/sdk/pico/pico-sdk/src/common/pico_time/time.c.obj
 .debug_info    0x000060c1     0x1165 CMakeFiles/_20v_BUCK_CONVERTER.dir/C_/VSARM/sdk/pico/pico-sdk/src/rp2_common/hardware_timer/timer.c.obj
 .debug_info    0x00007226      0xe34 CMakeFiles/_20v_BUCK_CONVERTER.dir/C_/VSARM/sdk/pico/pico-sdk/src/common/pico_util/pheap.c.obj
 .debug_info    0x0000805a     0x1c83 CMakeFiles/_20v_BUCK_CONVERTER.dir/C_/VSARM/sdk/pico/pico-sdk/src/common/pico_sync/mutex.c.obj
 .debug_info    0x00009cdd      0xa56 CMakeFiles/_20v_BUCK_CONVERTER.dir/C_/VSARM/sdk/pico/pico-sdk/src/rp2_common/pico_runtime/runtime.c.obj
 .debug_info    0x0000a733      0xf78 CMakeFiles/_20v_BUCK_CONVERTER.dir/C_/VSARM/sdk/pico/pico-sdk/src/rp2_common/hardware_clocks/clocks.c.obj
 .debug_info    0x0000b6ab      0x534 CMakeFiles/_20v_BUCK_CONVERTER.dir/C_/VSARM/sdk/pico/pico-sdk/src/rp2_common/hardware_pll/pll.c.obj
 .debug_info    0x0000bbdf      0x4c5 CMakeFiles/_20v_BUCK_CONVERTER.dir/C_/VSARM/sdk/pico/pico-sdk/src/rp2_common/hardware_watchdog/watchdog.c.obj
 .debug_info    0x0000c0a4      0x1c7 CMakeFiles/_20v_BUCK_CONVERTER.dir/C_/VSARM/sdk/pico/pico-sdk/src/rp2_common/hardware_xosc/xosc.c.obj
 .debug_info    0x0000c26b     0x19a2 CMakeFiles/_20v_BUCK_CONVERTER.dir/C_/VSARM/sdk/pico/pico-sdk/src/rp2_common/pico_printf/printf.c.obj
 .debug_info    0x0000dc0d       0x23 CMakeFiles/_20v_BUCK_CONVERTER.dir/C_/VSARM/sdk/pico/pico-sdk/src/rp2_common/pico_bit_ops/bit_ops_aeabi.S.obj
 .debug_info    0x0000dc30      0x325 CMakeFiles/_20v_BUCK_CONVERTER.dir/C_/VSARM/sdk/pico/pico-sdk/src/rp2_common/pico_bootrom/bootrom.c.obj
 .debug_info    0x0000df55       0x23 CMakeFiles/_20v_BUCK_CONVERTER.dir/C_/VSARM/sdk/pico/pico-sdk/src/rp2_common/pico_divider/divider.S.obj
 .debug_info    0x0000df78       0x23 CMakeFiles/_20v_BUCK_CONVERTER.dir/C_/VSARM/sdk/pico/pico-sdk/src/rp2_common/pico_double/double_aeabi.S.obj
 .debug_info    0x0000df9b      0x33b CMakeFiles/_20v_BUCK_CONVERTER.dir/C_/VSARM/sdk/pico/pico-sdk/src/rp2_common/pico_double/double_init_rom.c.obj
 .debug_info    0x0000e2d6       0x23 CMakeFiles/_20v_BUCK_CONVERTER.dir/C_/VSARM/sdk/pico/pico-sdk/src/rp2_common/pico_double/double_v1_rom_shim.S.obj
 .debug_info    0x0000e2f9       0x24 CMakeFiles/_20v_BUCK_CONVERTER.dir/C_/VSARM/sdk/pico/pico-sdk/src/rp2_common/pico_int64_ops/pico_int64_ops_aeabi.S.obj
 .debug_info    0x0000e31d       0x23 CMakeFiles/_20v_BUCK_CONVERTER.dir/C_/VSARM/sdk/pico/pico-sdk/src/rp2_common/pico_float/float_aeabi.S.obj
 .debug_info    0x0000e340      0x34f CMakeFiles/_20v_BUCK_CONVERTER.dir/C_/VSARM/sdk/pico/pico-sdk/src/rp2_common/pico_float/float_init_rom.c.obj
 .debug_info    0x0000e68f       0x23 CMakeFiles/_20v_BUCK_CONVERTER.dir/C_/VSARM/sdk/pico/pico-sdk/src/rp2_common/pico_float/float_v1_rom_shim.S.obj
 .debug_info    0x0000e6b2       0x23 CMakeFiles/_20v_BUCK_CONVERTER.dir/C_/VSARM/sdk/pico/pico-sdk/src/rp2_common/pico_mem_ops/mem_ops_aeabi.S.obj
 .debug_info    0x0000e6d5       0x23 CMakeFiles/_20v_BUCK_CONVERTER.dir/C_/VSARM/sdk/pico/pico-sdk/src/rp2_common/pico_standard_link/crt0.S.obj
 .debug_info    0x0000e6f8      0x2b3 CMakeFiles/_20v_BUCK_CONVERTER.dir/C_/VSARM/sdk/pico/pico-sdk/src/rp2_common/pico_standard_link/binary_info.c.obj
 .debug_info    0x0000e9ab     0x12bc CMakeFiles/_20v_BUCK_CONVERTER.dir/C_/VSARM/sdk/pico/pico-sdk/src/rp2_common/pico_stdio/stdio.c.obj
 .debug_info    0x0000fc67      0x275 CMakeFiles/_20v_BUCK_CONVERTER.dir/C_/VSARM/sdk/pico/pico-sdk/src/rp2_common/pico_unique_id/unique_id.c.obj
 .debug_info    0x0000fedc     0x1264 CMakeFiles/_20v_BUCK_CONVERTER.dir/C_/VSARM/sdk/pico/pico-sdk/src/rp2_common/hardware_flash/flash.c.obj
 .debug_info    0x00011140       0x39 c:/vsarm/armcc/12.2 mpacbti-bet1/bin/../lib/gcc/arm-none-eabi/12.2.0/thumb/v6-m/nofp\libgcc.a(_dvmd_tls.o)
 .debug_info    0x00011179       0xeb c:/vsarm/armcc/12.2 mpacbti-bet1/bin/../lib/gcc/arm-none-eabi/12.2.0/thumb/v6-m/nofp\libg.a(libc_a-strlen-stub.o)

.debug_abbrev   0x00000000     0x3e23
 .debug_abbrev  0x00000000       0xd2 CMakeFiles/_20v_BUCK_CONVERTER.dir/main.c.obj
 .debug_abbrev  0x000000d2      0x176 CMakeFiles/_20v_BUCK_CONVERTER.dir/_20v_Buck_Converter.c.obj
 .debug_abbrev  0x00000248      0x2d0 CMakeFiles/_20v_BUCK_CONVERTER.dir/C_/VSARM/sdk/pico/pico-sdk/src/rp2_common/hardware_claim/claim.c.obj
 .debug_abbrev  0x00000518       0xf8 CMakeFiles/_20v_BUCK_CONVERTER.dir/C_/VSARM/sdk/pico/pico-sdk/src/rp2_common/pico_platform/platform.c.obj
 .debug_abbrev  0x00000610      0x249 CMakeFiles/_20v_BUCK_CONVERTER.dir/C_/VSARM/sdk/pico/pico-sdk/src/rp2_common/hardware_sync/sync.c.obj
 .debug_abbrev  0x00000859      0x513 CMakeFiles/_20v_BUCK_CONVERTER.dir/C_/VSARM/sdk/pico/pico-sdk/src/rp2_common/hardware_irq/irq.c.obj
 .debug_abbrev  0x00000d6c      0x116 CMakeFiles/_20v_BUCK_CONVERTER.dir/C_/VSARM/sdk/pico/pico-sdk/src/common/pico_sync/lock_core.c.obj
 .debug_abbrev  0x00000e82      0x5b5 CMakeFiles/_20v_BUCK_CONVERTER.dir/C_/VSARM/sdk/pico/pico-sdk/src/common/pico_time/time.c.obj
 .debug_abbrev  0x00001437      0x3bd CMakeFiles/_20v_BUCK_CONVERTER.dir/C_/VSARM/sdk/pico/pico-sdk/src/rp2_common/hardware_timer/timer.c.obj
 .debug_abbrev  0x000017f4      0x290 CMakeFiles/_20v_BUCK_CONVERTER.dir/C_/VSARM/sdk/pico/pico-sdk/src/common/pico_util/pheap.c.obj
 .debug_abbrev  0x00001a84      0x3da CMakeFiles/_20v_BUCK_CONVERTER.dir/C_/VSARM/sdk/pico/pico-sdk/src/common/pico_sync/mutex.c.obj
 .debug_abbrev  0x00001e5e      0x3e5 CMakeFiles/_20v_BUCK_CONVERTER.dir/C_/VSARM/sdk/pico/pico-sdk/src/rp2_common/pico_runtime/runtime.c.obj
 .debug_abbrev  0x00002243      0x415 CMakeFiles/_20v_BUCK_CONVERTER.dir/C_/VSARM/sdk/pico/pico-sdk/src/rp2_common/hardware_clocks/clocks.c.obj
 .debug_abbrev  0x00002658      0x1e7 CMakeFiles/_20v_BUCK_CONVERTER.dir/C_/VSARM/sdk/pico/pico-sdk/src/rp2_common/hardware_pll/pll.c.obj
 .debug_abbrev  0x0000283f      0x1a8 CMakeFiles/_20v_BUCK_CONVERTER.dir/C_/VSARM/sdk/pico/pico-sdk/src/rp2_common/hardware_watchdog/watchdog.c.obj
 .debug_abbrev  0x000029e7      0x10c CMakeFiles/_20v_BUCK_CONVERTER.dir/C_/VSARM/sdk/pico/pico-sdk/src/rp2_common/hardware_xosc/xosc.c.obj
 .debug_abbrev  0x00002af3      0x38a CMakeFiles/_20v_BUCK_CONVERTER.dir/C_/VSARM/sdk/pico/pico-sdk/src/rp2_common/pico_printf/printf.c.obj
 .debug_abbrev  0x00002e7d       0x12 CMakeFiles/_20v_BUCK_CONVERTER.dir/C_/VSARM/sdk/pico/pico-sdk/src/rp2_common/pico_bit_ops/bit_ops_aeabi.S.obj
 .debug_abbrev  0x00002e8f      0x167 CMakeFiles/_20v_BUCK_CONVERTER.dir/C_/VSARM/sdk/pico/pico-sdk/src/rp2_common/pico_bootrom/bootrom.c.obj
 .debug_abbrev  0x00002ff6       0x12 CMakeFiles/_20v_BUCK_CONVERTER.dir/C_/VSARM/sdk/pico/pico-sdk/src/rp2_common/pico_divider/divider.S.obj
 .debug_abbrev  0x00003008       0x12 CMakeFiles/_20v_BUCK_CONVERTER.dir/C_/VSARM/sdk/pico/pico-sdk/src/rp2_common/pico_double/double_aeabi.S.obj